Component: ARM Compiler 5.06 update 7 (build 960) Tool: armlink [4d3601]

==============================================================================

Section Cross References

    main.o(.text) refers to led.o(.text) for LED_Init
    main.o(.text) refers to timer.o(.text) for Encoder_Init
    main.o(.text) refers to system_stm32f4xx.o(.text) for SystemInit
    main.o(.text) refers to usart.o(.text) for uart_init
    main.o(.text) refers to delay.o(.text) for delay_init
    main.o(.text) refers to ad7616.o(.text) for AD7616_Init
    main.o(.text) refers to w5500_conf.o(.text) for InitW5500
    main.o(.text) refers to __2printf.o(.text) for __2printf
    main.o(.text) refers to dflt_clz.o(x$fpl$dflt) for __aeabi_i2d
    main.o(.text) refers to dmul.o(x$fpl$dmul) for __aeabi_dmul
    main.o(.text) refers to ddiv.o(x$fpl$ddiv) for __aeabi_ddiv
    main.o(.text) refers to dfix.o(x$fpl$dfix) for __aeabi_d2iz
    main.o(.text) refers to w5500.o(.text) for getSn_SR
    main.o(.text) refers to socket.o(.text) for send
    main.o(.text) refers to main.o(.data) for .data
    main.o(.text) refers to main.o(.bss) for .bss
    main.o(.text) refers to tcp_demo.o(.data) for i
    main.o(.text) refers to tcp_demo.o(.bss) for Tx_Buffer
    main.o(.text) refers to timer.o(.data) for flagEncoder
    main.o(.text) refers to ad7616.o(.bss) for s_volt_a
    main.o(.text) refers to w5500_conf.o(.data) for local_port
    system_stm32f4xx.o(.text) refers to system_stm32f4xx.o(.data) for .data
    startup_stm32f40_41xxx.o(STACK) refers (Special) to heapauxi.o(.text) for __use_two_region_memory
    startup_stm32f40_41xxx.o(HEAP) refers (Special) to heapauxi.o(.text) for __use_two_region_memory
    startup_stm32f40_41xxx.o(RESET) refers (Special) to heapauxi.o(.text) for __use_two_region_memory
    startup_stm32f40_41xxx.o(RESET) refers to startup_stm32f40_41xxx.o(STACK) for __initial_sp
    startup_stm32f40_41xxx.o(RESET) refers to startup_stm32f40_41xxx.o(.text) for Reset_Handler
    startup_stm32f40_41xxx.o(RESET) refers to stm32f4xx_it.o(.text) for NMI_Handler
    startup_stm32f40_41xxx.o(RESET) refers to timer.o(.text) for TIM4_IRQHandler
    startup_stm32f40_41xxx.o(RESET) refers to usart.o(.text) for USART1_IRQHandler
    startup_stm32f40_41xxx.o(.text) refers (Special) to heapauxi.o(.text) for __use_two_region_memory
    startup_stm32f40_41xxx.o(.text) refers to system_stm32f4xx.o(.text) for SystemInit
    startup_stm32f40_41xxx.o(.text) refers to __main.o(!!!main) for __main
    startup_stm32f40_41xxx.o(.text) refers to startup_stm32f40_41xxx.o(HEAP) for Heap_Mem
    startup_stm32f40_41xxx.o(.text) refers to startup_stm32f40_41xxx.o(STACK) for Stack_Mem
    stm32f4xx_adc.o(.text) refers to stm32f4xx_rcc.o(.text) for RCC_APB2PeriphResetCmd
    stm32f4xx_can.o(.text) refers to stm32f4xx_rcc.o(.text) for RCC_APB1PeriphResetCmd
    stm32f4xx_cryp.o(.text) refers to stm32f4xx_rcc.o(.text) for RCC_AHB2PeriphResetCmd
    stm32f4xx_cryp_aes.o(.text) refers to stm32f4xx_cryp.o(.text) for CRYP_KeyStructInit
    stm32f4xx_cryp_des.o(.text) refers to stm32f4xx_cryp.o(.text) for CRYP_KeyStructInit
    stm32f4xx_cryp_tdes.o(.text) refers to stm32f4xx_cryp.o(.text) for CRYP_KeyStructInit
    stm32f4xx_dac.o(.text) refers to stm32f4xx_rcc.o(.text) for RCC_APB1PeriphResetCmd
    stm32f4xx_dma2d.o(.text) refers to stm32f4xx_rcc.o(.text) for RCC_AHB1PeriphResetCmd
    stm32f4xx_fsmc.o(.text) refers to stm32f4xx_fsmc.o(.constdata) for .constdata
    stm32f4xx_gpio.o(.text) refers to stm32f4xx_rcc.o(.text) for RCC_AHB1PeriphResetCmd
    stm32f4xx_hash.o(.text) refers to stm32f4xx_rcc.o(.text) for RCC_AHB2PeriphResetCmd
    stm32f4xx_hash_md5.o(.text) refers to stm32f4xx_hash.o(.text) for HASH_DeInit
    stm32f4xx_hash_sha1.o(.text) refers to stm32f4xx_hash.o(.text) for HASH_DeInit
    stm32f4xx_i2c.o(.text) refers to stm32f4xx_rcc.o(.text) for RCC_APB1PeriphResetCmd
    stm32f4xx_ltdc.o(.text) refers to stm32f4xx_rcc.o(.text) for RCC_APB2PeriphResetCmd
    stm32f4xx_pwr.o(.text) refers to stm32f4xx_rcc.o(.text) for RCC_APB1PeriphResetCmd
    stm32f4xx_rcc.o(.text) refers to stm32f4xx_rcc.o(.data) for .data
    stm32f4xx_rng.o(.text) refers to stm32f4xx_rcc.o(.text) for RCC_AHB2PeriphResetCmd
    stm32f4xx_sai.o(.text) refers to stm32f4xx_rcc.o(.text) for RCC_APB2PeriphResetCmd
    stm32f4xx_sdio.o(.text) refers to stm32f4xx_rcc.o(.text) for RCC_APB2PeriphResetCmd
    stm32f4xx_spi.o(.text) refers to stm32f4xx_rcc.o(.text) for RCC_APB1PeriphResetCmd
    stm32f4xx_syscfg.o(.text) refers to stm32f4xx_rcc.o(.text) for RCC_APB2PeriphResetCmd
    stm32f4xx_tim.o(.text) refers to stm32f4xx_rcc.o(.text) for RCC_APB2PeriphResetCmd
    stm32f4xx_usart.o(.text) refers to stm32f4xx_rcc.o(.text) for RCC_APB2PeriphResetCmd
    stm32f4xx_wwdg.o(.text) refers to stm32f4xx_rcc.o(.text) for RCC_APB1PeriphResetCmd
    delay.o(.text) refers to misc.o(.text) for SysTick_CLKSourceConfig
    delay.o(.text) refers to delay.o(.data) for .data
[...]
    ..\\FWLIB\\src\\stm32f4xx_dma.c          0x00000000   Number         0  stm32f4xx_dma.o ABSOLUTE
    ..\\FWLIB\\src\\stm32f4xx_dma2d.c        0x00000000   Number         0  stm32f4xx_dma2d.o ABSOLUTE
    ..\\FWLIB\\src\\stm32f4xx_exti.c         0x00000000   Number         0  stm32f4xx_exti.o ABSOLUTE
    ..\\FWLIB\\src\\stm32f4xx_flash.c        0x00000000   Number         0  stm32f4xx_flash.o ABSOLUTE
    ..\\FWLIB\\src\\stm32f4xx_flash_ramfunc.c 0x00000000   Number         0  stm32f4xx_flash_ramfunc.o ABSOLUTE
    ..\\FWLIB\\src\\stm32f4xx_fsmc.c         0x00000000   Number         0  stm32f4xx_fsmc.o ABSOLUTE
    ..\\FWLIB\\src\\stm32f4xx_gpio.c         0x00000000   Number         0  stm32f4xx_gpio.o ABSOLUTE
    ..\\FWLIB\\src\\stm32f4xx_hash.c         0x00000000   Number         0  stm32f4xx_hash.o ABSOLUTE
    ..\\FWLIB\\src\\stm32f4xx_hash_md5.c     0x00000000   Number         0  stm32f4xx_hash_md5.o ABSOLUTE
    ..\\FWLIB\\src\\stm32f4xx_hash_sha1.c    0x00000000   Number         0  stm32f4xx_hash_sha1.o ABSOLUTE
    ..\\FWLIB\\src\\stm32f4xx_i2c.c          0x00000000   Number         0  stm32f4xx_i2c.o ABSOLUTE
    ..\\FWLIB\\src\\stm32f4xx_iwdg.c         0x00000000   Number         0  stm32f4xx_iwdg.o ABSOLUTE
    ..\\FWLIB\\src\\stm32f4xx_ltdc.c         0x00000000   Number         0  stm32f4xx_ltdc.o ABSOLUTE
    ..\\FWLIB\\src\\stm32f4xx_pwr.c          0x00000000   Number         0  stm32f4xx_pwr.o ABSOLUTE
    ..\\FWLIB\\src\\stm32f4xx_rcc.c          0x00000000   Number         0  stm32f4xx_rcc.o ABSOLUTE
    ..\\FWLIB\\src\\stm32f4xx_rng.c          0x00000000   Number         0  stm32f4xx_rng.o ABSOLUTE
    ..\\FWLIB\\src\\stm32f4xx_rtc.c          0x00000000   Number         0  stm32f4xx_rtc.o ABSOLUTE
    ..\\FWLIB\\src\\stm32f4xx_sai.c          0x00000000   Number         0  stm32f4xx_sai.o ABSOLUTE
    ..\\FWLIB\\src\\stm32f4xx_sdio.c         0x00000000   Number         0  stm32f4xx_sdio.o ABSOLUTE
    ..\\FWLIB\\src\\stm32f4xx_spi.c          0x00000000   Number         0  stm32f4xx_spi.o ABSOLUTE
    ..\\FWLIB\\src\\stm32f4xx_syscfg.c       0x00000000   Number         0  stm32f4xx_syscfg.o ABSOLUTE
    ..\\FWLIB\\src\\stm32f4xx_tim.c          0x00000000   Number         0  stm32f4xx_tim.o ABSOLUTE
    ..\\FWLIB\\src\\stm32f4xx_usart.c        0x00000000   Number         0  stm32f4xx_usart.o ABSOLUTE
    ..\\FWLIB\\src\\stm32f4xx_wwdg.c         0x00000000   Number         0  stm32f4xx_wwdg.o ABSOLUTE
    ..\\HARDWARE\\AD7616\\ad7616.c           0x00000000   Number         0  ad7616.o ABSOLUTE
    ..\\HARDWARE\\LED\\led.c                 0x00000000   Number         0  led.o ABSOLUTE
    ..\\HARDWARE\\TIMER\\timer.c             0x00000000   Number         0  timer.o ABSOLUTE
    ..\\HARDWARE\\W5500\\bsp_TiMbase.c       0x00000000   Number         0  bsp_timbase.o ABSOLUTE
    ..\\HARDWARE\\W5500\\dhcp.c              0x00000000   Number         0  dhcp.o ABSOLUTE
    ..\\HARDWARE\\W5500\\socket.c            0x00000000   Number         0  socket.o ABSOLUTE
    ..\\HARDWARE\\W5500\\tcp_demo.c          0x00000000   Number         0  tcp_demo.o ABSOLUTE
    ..\\HARDWARE\\W5500\\utility.c           0x00000000   Number         0  utility.o ABSOLUTE
    ..\\HARDWARE\\W5500\\w5500.c             0x00000000   Number         0  w5500.o ABSOLUTE
    ..\\HARDWARE\\W5500\\w5500_conf.c        0x00000000   Number         0  w5500_conf.o ABSOLUTE
    ..\\SYSTEM\\delay\\delay.c               0x00000000   Number         0  delay.o ABSOLUTE
    ..\\SYSTEM\\spi\\spi.c                   0x00000000   Number         0  spi.o ABSOLUTE
    ..\\SYSTEM\\sys\\sys.c                   0x00000000   Number         0  sys.o ABSOLUTE
    ..\\SYSTEM\\usart\\usart.c               0x00000000   Number         0  usart.o ABSOLUTE
    dc.s                                     0x00000000   Number         0  dc.o ABSOLUTE
    main.c                                   0x00000000   Number         0  main.o ABSOLUTE
    main.c                                   0x00000000   Number         0  main.o ABSOLUTE
    stm32f4xx_it.c                           0x00000000   Number         0  stm32f4xx_it.o ABSOLUTE
    stm32f4xx_it.c                           0x00000000   Number         0  stm32f4xx_it.o ABSOLUTE
    system_stm32f4xx.c                       0x00000000   Number         0  system_stm32f4xx.o ABSOLUTE
    system_stm32f4xx.c                       0x00000000   Number         0  system_stm32f4xx.o ABSOLUTE
    RESET                                    0x08000000   Section      392  startup_stm32f40_41xxx.o(RESET)
    !!!main                                  0x08000188   Section        8  __main.o(!!!main)
    !!!scatter                               0x08000190   Section       52  __scatter.o(!!!scatter)
    !!handler_copy                           0x080001c4   Section       26  __scatter_copy.o(!!handler_copy)
    !!handler_zi                             0x080001e0   Section       28  __scatter_zi.o(!!handler_zi)
    .ARM.Collect$$_printf_percent$$00000000  0x080001fc   Section        0  _printf_percent.o(.ARM.Collect$$_printf_percent$$00000000)
    .ARM.Collect$$_printf_percent$$00000009  0x080001fc   Section        6  _printf_d.o(.ARM.Collect$$_printf_percent$$00000009)
    .ARM.Collect$$_printf_percent$$00000017  0x08000202   Section        4  _printf_percent_end.o(.ARM.Collect$$_printf_percent$$00000017)
    .ARM.Collect$$libinit$$00000000          0x08000206   Section        2  libinit.o(.ARM.Collect$$libinit$$00000000)
    .ARM.Collect$$libinit$$00000002          0x08000208   Section        0  libinit2.o(.ARM.Collect$$libinit$$00000002)
    .ARM.Collect$$libinit$$00000004          0x08000208   Section        0  libinit2.o(.ARM.Collect$$libinit$$00000004)
    .ARM.Collect$$libinit$$0000000A          0x08000208   Section        0  libinit2.o(.ARM.Collect$$libinit$$0000000A)
    .ARM.Collect$$libinit$$0000000C          0x08000208   Section        0  libinit2.o(.ARM.Collect$$libinit$$0000000C)
    .ARM.Collect$$libinit$$0000000E          0x08000208   Section        0  libinit2.o(.ARM.Collect$$libinit$$0000000E)
    .ARM.Collect$$libinit$$00000011          0x08000208   Section        0  libinit2.o(.ARM.Collect$$libinit$$00000011)
    .ARM.Collect$$libinit$$00000013          0x08000208   Section        0  libinit2.o(.ARM.Collect$$libinit$$00000013)
    .ARM.Collect$$libinit$$00000015          0x08000208   Section        0  libinit2.o(.ARM.Collect$$libinit$$00000015)
    .ARM.Collect$$libinit$$00000017          0x08000208   Section        0  libinit2.o(.ARM.Collect$$libinit$$00000017)
    .ARM.Collect$$libinit$$00000019          0x08000208   Section        0  libinit2.o(.ARM.Collect$$libinit$$00000019)
    .ARM.Collect$$libinit$$0000001B          0x08000208   Section        0  libinit2.o(.ARM.Collect$$libinit$$0000001B)
    .ARM.Collect$$libinit$$0000001D          0x08000208   Section        0  libinit2.o(.ARM.Collect$$libinit$$0000001D)
    .ARM.Collect$$libinit$$0000001F          0x08000208   Section        0  libinit2.o(.ARM.Collect$$libinit$$0000001F)
    .ARM.Collect$$libinit$$00000021          0x08000208   Section        0  libinit2.o(.ARM.Collect$$libinit$$00000021)
    .ARM.Collect$$libinit$$00000023          0x08000208   Section        0  libinit2.o(.ARM.Collect$$libinit$$00000023)
    .ARM.Collect$$libinit$$00000025          0x08000208   Section        0  libinit2.o(.ARM.Collect$$libinit$$00000025)
    .ARM.Collect$$libinit$$0000002C          0x08000208   Section        0  libinit2.o(.ARM.Collect$$libinit$$0000002C)
    .ARM.Collect$$libinit$$0000002E          0x08000208   Section        0  libinit2.o(.ARM.Collect$$libinit$$0000002E)
    .ARM.Collect$$libinit$$00000030          0x08000208   Section        0  libinit2.o(.ARM.Collect$$libinit$$00000030)
    .ARM.Collect$$libinit$$00000032          0x08000208   Section        0  libinit2.o(.ARM.Collect$$libinit$$00000032)
    .ARM.Collect$$libinit$$00000033          0x08000208   Section        2  libinit2.o(.ARM.Collect$$libinit$$00000033)
    .ARM.Collect$$libshutdown$$00000000      0x0800020a   Section        2  libshutdown.o(.ARM.Collect$$libshutdown$$00000000)
    .ARM.Collect$$libshutdown$$00000002      0x0800020c   Section        0  libshutdown2.o(.ARM.Collect$$libshutdown$$00000002)
    .ARM.Collect$$libshutdown$$00000004      0x0800020c   Section        0  libshutdown2.o(.ARM.Collect$$libshutdown$$00000004)
    .ARM.Collect$$libshutdown$$00000006      0x0800020c   Section        0  libshutdown2.o(.ARM.Collect$$libshutdown$$00000006)
    .ARM.Collect$$libshutdown$$00000009      0x0800020c   Section        0  libshutdown2.o(.ARM.Collect$$libshutdown$$00000009)
    .ARM.Collect$$libshutdown$$0000000C      0x0800020c   Section        0  libshutdown2.o(.ARM.Collect$$libshutdown$$0000000C)
    .ARM.Collect$$libshutdown$$0000000E      0x0800020c   Section        0  libshutdown2.o(.ARM.Collect$$libshutdown$$0000000E)
    .ARM.Collect$$libshutdown$$00000011      0x0800020c   Section        0  libshutdown2.o(.ARM.Collect$$libshutdown$$00000011)
    .ARM.Collect$$libshutdown$$00000012      0x0800020c   Section        2  libshutdown2.o(.ARM.Collect$$libshutdown$$00000012)
    .ARM.Collect$$rtentry$$00000000          0x0800020e   Section        0  __rtentry.o(.ARM.Collect$$rtentry$$00000000)
    .ARM.Collect$$rtentry$$00000002          0x0800020e   Section        0  __rtentry2.o(.ARM.Collect$$rtentry$$00000002)
    .ARM.Collect$$rtentry$$00000004          0x0800020e   Section        6  __rtentry4.o(.ARM.Collect$$rtentry$$00000004)
    .ARM.Collect$$rtentry$$00000009          0x08000214   Section        0  __rtentry2.o(.ARM.Collect$$rtentry$$00000009)
    .ARM.Collect$$rtentry$$0000000A          0x08000214   Section        4  __rtentry2.o(.ARM.Collect$$rtentry$$0000000A)
    .ARM.Collect$$rtentry$$0000000C          0x08000218   Section        0  __rtentry2.o(.ARM.Collect$$rtentry$$0000000C)
    .ARM.Collect$$rtentry$$0000000D          0x08000218   Section        8  __rtentry2.o(.ARM.Collect$$rtentry$$0000000D)
    .ARM.Collect$$rtexit$$00000000           0x08000220   Section        2  rtexit.o(.ARM.Collect$$rtexit$$00000000)
    .ARM.Collect$$rtexit$$00000002           0x08000222   Section        0  rtexit2.o(.ARM.Collect$$rtexit$$00000002)
    .ARM.Collect$$rtexit$$00000003           0x08000222   Section        4  rtexit2.o(.ARM.Collect$$rtexit$$00000003)
    .ARM.Collect$$rtexit$$00000004           0x08000226   Section        6  rtexit2.o(.ARM.Collect$$rtexit$$00000004)
    .text                                    0x0800022c   Section        0  main.o(.text)
    .text                                    0x08000384   Section        0  stm32f4xx_it.o(.text)
    .text                                    0x08000398   Section        0  system_stm32f4xx.o(.text)
    SetSysClock                              0x08000399   Thumb Code   162  system_stm32f4xx.o(.text)
    .text                                    0x08000508   Section       64  startup_stm32f40_41xxx.o(.text)
    .text                                    0x08000548   Section        0  misc.o(.text)
    .text                                    0x080005f8   Section        0  stm32f4xx_gpio.o(.text)
    .text                                    0x08000804   Section        0  stm32f4xx_rcc.o(.text)
    .text                                    0x08000c84   Section        0  stm32f4xx_spi.o(.text)
    .text                                    0x08000fb0   Section        0  stm32f4xx_tim.o(.text)
    TI2_Config                               0x080015fb   Thumb Code    54  stm32f4xx_tim.o(.text)
    TI1_Config                               0x0800195f   Thumb Code    46  stm32f4xx_tim.o(.text)
    .text                                    0x0800198c   Section        0  stm32f4xx_usart.o(.text)
    .text                                    0x08001ce4   Section        0  delay.o(.text)
    .text                                    0x08001d9c   Section        0  usart.o(.text)
    .text                                    0x08001eb8   Section        0  spi.o(.text)
    .text                                    0x08001fac   Section        0  socket.o(.text)
    .text                                    0x0800264c   Section        0  w5500.o(.text)
    .text                                    0x080029f8   Section        0  w5500_conf.o(.text)
    .text                                    0x08002ec0   Section        0  bsp_timbase.o(.text)
    .text                                    0x08002f3c   Section        0  ad7616.o(.text)
    .text                                    0x08003378   Section        0  led.o(.text)
    .text                                    0x080033b8   Section        0  timer.o(.text)
    .text                                    0x080034b8   Section        2  use_no_semi_2.o(.text)
    .text                                    0x080034bc   Section        0  __2printf.o(.text)
    .text                                    0x080034d4   Section        0  _printf_dec.o(.text)
    .text                                    0x0800354c   Section        0  __printf_flags_ss_wp.o(.text)
    .text                                    0x080036d4   Section        0  heapauxi.o(.text)
    .text                                    0x080036da   Section        2  use_no_semi.o(.text)
    .text                                    0x080036dc   Section        0  _printf_intcommon.o(.text)
    .text                                    0x08003790   Section        0  _printf_char_common.o(.text)
    _printf_input_char                       0x08003791   Thumb Code    10  _printf_char_common.o(.text)
    .text                                    0x080037c0   Section        0  _printf_char_file.o(.text)
    .text                                    0x080037e4   Section        0  ferror.o(.text)
    .text                                    0x080037ec   Section       74  sys_stackheap_outer.o(.text)
    .text                                    0x08003836   Section        0  exit.o(.text)
    .text                                    0x08003848   Section        8  libspace.o(.text)
    i._is_digit                              0x08003850   Section        0  __printf_wp.o(i._is_digit)
    x$fpl$d2f                                0x08003860   Section       98  d2f.o(x$fpl$d2f)
    x$fpl$ddiv                               0x080038c4   Section      688  ddiv.o(x$fpl$ddiv)
    ddiv_entry                               0x080038cb   Thumb Code     0  ddiv.o(x$fpl$ddiv)
    x$fpl$dfix                               0x08003b74   Section       94  dfix.o(x$fpl$dfix)
    x$fpl$dflt                               0x08003bd2   Section       46  dflt_clz.o(x$fpl$dflt)
    x$fpl$dmul                               0x08003c00   Section      340  dmul.o(x$fpl$dmul)
    x$fpl$dnaninf                            0x08003d54   Section      156  dnaninf.o(x$fpl$dnaninf)
    x$fpl$dretinf                            0x08003df0   Section       12  dretinf.o(x$fpl$dretinf)
    x$fpl$ffix                               0x08003dfc   Section       54  ffix.o(x$fpl$ffix)
    x$fpl$fnaninf                            0x08003e32   Section      140  fnaninf.o(x$fpl$fnaninf)
    x$fpl$fretinf                            0x08003ebe   Section       10  fretinf.o(x$fpl$fretinf)
    .constdata                               0x08003ec8   Section       17  __printf_flags_ss_wp.o(.constdata)
    x$fpl$usenofp                            0x08003ec8   Section        0  usenofp.o(x$fpl$usenofp)
    maptable                                 0x08003ec8   Data          17  __printf_flags_ss_wp.o(.constdata)
    .data                                    0x20000000   Section        4  main.o(.data)
    .data                                    0x20000004   Section       20  system_stm32f4xx.o(.data)
    .data                                    0x20000018   Section       16  stm32f4xx_rcc.o(.data)
    APBAHBPrescTable                         0x20000018   Data          16  stm32f4xx_rcc.o(.data)
    .data                                    0x20000028   Section        4  delay.o(.data)
    fac_us                                   0x20000028   Data           1  delay.o(.data)
    fac_ms                                   0x2000002a   Data           2  delay.o(.data)
    .data                                    0x2000002c   Section        8  usart.o(.data)
    .data                                    0x20000034   Section        4  usart.o(.data)
    .data                                    0x20000038   Section        4  tcp_demo.o(.data)
    .data                                    0x2000003c   Section        8  w5500.o(.data)
    .data                                    0x20000044   Section        8  w5500.o(.data)
    .data                                    0x2000004c   Section       38  w5500_conf.o(.data)
    .data                                    0x20000072   Section        1  ad7616.o(.data)
    .data                                    0x20000074   Section        8  timer.o(.data)
    .bss                                     0x2000007c   Section       68  main.o(.bss)
    .bss                                     0x200000c0   Section       22  dhcp.o(.bss)
    .bss                                     0x200000d6   Section     6144  tcp_demo.o(.bss)
    .bss                                     0x200018d6   Section       32  w5500.o(.bss)
    .bss                                     0x200018f6   Section       28  w5500_conf.o(.bss)
    .bss                                     0x20001914   Section       96  ad7616.o(.bss)
    .bss                                     0x20001974   Section       96  libspace.o(.bss)
    HEAP                                     0x200019d8   Section      512  startup_stm32f40_41xxx.o(HEAP)
    Heap_Mem                                 0x200019d8   Data         512  startup_stm32f40_41xxx.o(HEAP)
    STACK                                    0x20001bd8   Section     1024  startup_stm32f40_41xxx.o(STACK)
    Stack_Mem                                0x20001bd8   Data        1024  startup_stm32f40_41xxx.o(STACK)
    __initial_sp                             0x20001fd8   Data           0  startup_stm32f40_41xxx.o(STACK)

    Global Symbols

    Symbol Name                              Value     Ov Type        Size  Object(Section)

    BuildAttributes$$THM_ISAv4$E$P$D$K$B$S$7EM$PE$A:L22UL41UL21$X:L11$S22US41US21$IEEE1$IW$USESV6$~STKCKD$USESV7$~SHL$OTIME$ROPI$IEEEJ$EBA8$UX$STANDARDLIB$REQ8$PRES8$EABIv2 0x00000000   Number         0  anon$$obj.o ABSOLUTE
    __ARM_use_no_argv                        0x00000000   Number         0  main.o ABSOLUTE
    _printf_flags                            0x00000000   Number         0  printf_stubs.o ABSOLUTE
    _printf_return_value                     0x00000000   Number         0  printf_stubs.o ABSOLUTE
    _printf_sizespec                         0x00000000   Number         0  printf_stubs.o ABSOLUTE
    _printf_widthprec                        0x00000000   Number         0  printf_stubs.o ABSOLUTE
    __ARM_exceptions_init                     - Undefined Weak Reference
    __alloca_initialize                       - Undefined Weak Reference
    __arm_fini_                               - Undefined Weak Reference
    __arm_preinit_                            - Undefined Weak Reference
    __cpp_initialize__aeabi_                  - Undefined Weak Reference
    __cxa_finalize                            - Undefined Weak Reference
    __sigvec_lookup                           - Undefined Weak Reference
    _atexit_init                              - Undefined Weak Reference
    _call_atexit_fns                          - Undefined Weak Reference
    _clock_init                               - Undefined Weak Reference
    _fp_trap_init                             - Undefined Weak Reference
    _fp_trap_shutdown                         - Undefined Weak Reference
    _get_lc_collate                           - Undefined Weak Reference
    _get_lc_monetary                          - Undefined Weak Reference
    _get_lc_time                              - Undefined Weak Reference
    _getenv_init                              - Undefined Weak Reference
    _handle_redirection                       - Undefined Weak Reference
    _init_alloc                               - Undefined Weak Reference
    _init_user_alloc                          - Undefined Weak Reference
    _initio                                   - Undefined Weak Reference
    _mutex_acquire                            - Undefined Weak Reference
    _mutex_release                            - Undefined Weak Reference
    _printf_mbtowc                            - Undefined Weak Reference
    _printf_wc                                - Undefined Weak Reference
    _rand_init                                - Undefined Weak Reference
    _signal_finish                            - Undefined Weak Reference
    _signal_init                              - Undefined Weak Reference
    _terminate_alloc                          - Undefined Weak Reference
    _terminate_user_alloc                     - Undefined Weak Reference
    _terminateio                              - Undefined Weak Reference
    __Vectors_Size                           0x00000188   Number         0  startup_stm32f40_41xxx.o ABSOLUTE
    __Vectors                                0x08000000   Data           4  startup_stm32f40_41xxx.o(RESET)
    __Vectors_End                            0x08000188   Data           0  startup_stm32f40_41xxx.o(RESET)
    __main                                   0x08000189   Thumb Code     8  __main.o(!!!main)
    __scatterload                            0x08000191   Thumb Code     0  __scatter.o(!!!scatter)
    __scatterload_rt2                        0x08000191   Thumb Code    44  __scatter.o(!!!scatter)
    __scatterload_rt2_thumb_only             0x08000191   Thumb Code     0  __scatter.o(!!!scatter)
    __scatterload_null                       0x0800019f   Thumb Code     0  __scatter.o(!!!scatter)
    __scatterload_copy                       0x080001c5   Thumb Code    26  __scatter_copy.o(!!handler_copy)
    __scatterload_zeroinit                   0x080001e1   Thumb Code    28  __scatter_zi.o(!!handler_zi)
    _printf_d                                0x080001fd   Thumb Code     0  _printf_d.o(.ARM.Collect$$_printf_percent$$00000009)
    _printf_percent                          0x080001fd   Thumb Code     0  _printf_percent.o(.ARM.Collect$$_printf_percent$$00000000)
    _printf_percent_end                      0x08000203   Thumb Code     0  _printf_percent_end.o(.ARM.Collect$$_printf_percent$$00000017)
    __rt_lib_init                            0x08000207   Thumb Code     0  libinit.o(.ARM.Collect$$libinit$$00000000)
    __rt_lib_init_alloca_1                   0x08000209   Thumb Code     0  libinit2.o(.ARM.Collect$$libinit$$0000002E)
    __rt_lib_init_argv_1                     0x08000209   Thumb Code     0  libinit2.o(.ARM.Collect$$libinit$$0000002C)
    __rt_lib_init_atexit_1                   0x08000209   Thumb Code     0  libinit2.o(.ARM.Collect$$libinit$$0000001B)
    __rt_lib_init_clock_1                    0x08000209   Thumb Code     0  libinit2.o(.ARM.Collect$$libinit$$00000021)
    __rt_lib_init_cpp_1                      0x08000209   Thumb Code     0  libinit2.o(.ARM.Collect$$libinit$$00000032)
    __rt_lib_init_exceptions_1               0x08000209   Thumb Code     0  libinit2.o(.ARM.Collect$$libinit$$00000030)
    __rt_lib_init_fp_1                       0x08000209   Thumb Code     0  libinit2.o(.ARM.Collect$$libinit$$00000002)
    __rt_lib_init_fp_trap_1                  0x08000209   Thumb Code     0  libinit2.o(.ARM.Collect$$libinit$$0000001F)
    __rt_lib_init_getenv_1                   0x08000209   Thumb Code     0  libinit2.o(.ARM.Collect$$libinit$$00000023)
    __rt_lib_init_heap_1                     0x08000209   Thumb Code     0  libinit2.o(.ARM.Collect$$libinit$$0000000A)
    __rt_lib_init_lc_collate_1               0x08000209   Thumb Code     0  libinit2.o(.ARM.Collect$$libinit$$00000011)
    __rt_lib_init_lc_ctype_1                 0x08000209   Thumb Code     0  libinit2.o(.ARM.Collect$$libinit$$00000013)
    __rt_lib_init_lc_monetary_1              0x08000209   Thumb Code     0  libinit2.o(.ARM.Collect$$libinit$$00000015)
    __rt_lib_init_lc_numeric_1               0x08000209   Thumb Code     0  libinit2.o(.ARM.Collect$$libinit$$00000017)
    __rt_lib_init_lc_time_1                  0x08000209   Thumb Code     0  libinit2.o(.ARM.Collect$$libinit$$00000019)
    __rt_lib_init_preinit_1                  0x08000209   Thumb Code     0  libinit2.o(.ARM.Collect$$libinit$$00000004)
    __rt_lib_init_rand_1                     0x08000209   Thumb Code     0  libinit2.o(.ARM.Collect$$libinit$$0000000E)
    __rt_lib_init_return                     0x08000209   Thumb Code     0  libinit2.o(.ARM.Collect$$libinit$$00000033)
    __rt_lib_init_signal_1                   0x08000209   Thumb Code     0  libinit2.o(.ARM.Collect$$libinit$$0000001D)
    __rt_lib_init_stdio_1                    0x08000209   Thumb Code     0  libinit2.o(.ARM.Collect$$libinit$$00000025)
    __rt_lib_init_user_alloc_1               0x08000209   Thumb Code     0  libinit2.o(.ARM.Collect$$libinit$$0000000C)
    __rt_lib_shutdown                        0x0800020b   Thumb Code     0  libshutdown.o(.ARM.Collect$$libshutdown$$00000000)
    __rt_lib_shutdown_cpp_1                  0x0800020d   Thumb Code     0  libshutdown2.o(.ARM.Collect$$libshutdown$$00000004)
    __rt_lib_shutdown_fini_1                 0x0800020d   Thumb Code     0  libshutdown2.o(.ARM.Collect$$libshutdown$$00000002)
    __rt_lib_shutdown_fp_trap_1              0x0800020d   Thumb Code     0  libshutdown2.o(.ARM.Collect$$libshutdown$$00000009)
    __rt_lib_shutdown_heap_1                 0x0800020d   Thumb Code     0  libshutdown2.o(.ARM.Collect$$libshutdown$$00000011)
    __rt_lib_shutdown_return                 0x0800020d   Thumb Code     0  libshutdown2.o(.ARM.Collect$$libshutdown$$00000012)
    __rt_lib_shutdown_signal_1               0x0800020d   Thumb Code     0  libshutdown2.o(.ARM.Collect$$libshutdown$$0000000C)
    __rt_lib_shutdown_stdio_1                0x0800020d   Thumb Code     0  libshutdown2.o(.ARM.Collect$$libshutdown$$00000006)
    __rt_lib_shutdown_user_alloc_1           0x0800020d   Thumb Code     0  libshutdown2.o(.ARM.Collect$$libshutdown$$0000000E)
    __rt_entry                               0x0800020f   Thumb Code     0  __rtentry.o(.ARM.Collect$$rtentry$$00000000)
    __rt_entry_presh_1                       0x0800020f   Thumb Code     0  __rtentry2.o(.ARM.Collect$$rtentry$$00000002)
    __rt_entry_sh                            0x0800020f   Thumb Code     0  __rtentry4.o(.ARM.Collect$$rtentry$$00000004)
    __rt_entry_li                            0x08000215   Thumb Code     0  __rtentry2.o(.ARM.Collect$$rtentry$$0000000A)
    __rt_entry_postsh_1                      0x08000215   Thumb Code     0  __rtentry2.o(.ARM.Collect$$rtentry$$00000009)
    __rt_entry_main                          0x08000219   Thumb Code     0  __rtentry2.o(.ARM.Collect$$rtentry$$0000000D)
    __rt_entry_postli_1                      0x08000219   Thumb Code     0  __rtentry2.o(.ARM.Collect$$rtentry$$0000000C)
    __rt_exit                                0x08000221   Thumb Code     0  rtexit.o(.ARM.Collect$$rtexit$$00000000)
    __rt_exit_ls                             0x08000223   Thumb Code     0  rtexit2.o(.ARM.Collect$$rtexit$$00000003)
    __rt_exit_prels_1                        0x08000223   Thumb Code     0  rtexit2.o(.ARM.Collect$$rtexit$$00000002)
    __rt_exit_exit                           0x08000227   Thumb Code     0  rtexit2.o(.ARM.Collect$$rtexit$$00000004)
    main                                     0x0800022d   Thumb Code   288  main.o(.text)
    NMI_Handler                              0x08000385   Thumb Code     2  stm32f4xx_it.o(.text)
    HardFault_Handler                        0x08000387   Thumb Code     2  stm32f4xx_it.o(.text)
    MemManage_Handler                        0x08000389   Thumb Code     2  stm32f4xx_it.o(.text)
    BusFault_Handler                         0x0800038b   Thumb Code     2  stm32f4xx_it.o(.text)
    UsageFault_Handler                       0x0800038d   Thumb Code     2  stm32f4xx_it.o(.text)
    SVC_Handler                              0x0800038f   Thumb Code     2  stm32f4xx_it.o(.text)
    DebugMon_Handler                         0x08000391   Thumb Code     2  stm32f4xx_it.o(.text)
    PendSV_Handler                           0x08000393   Thumb Code     2  stm32f4xx_it.o(.text)
    SysTick_Handler                          0x08000395   Thumb Code     2  stm32f4xx_it.o(.text)
    SystemInit                               0x0800043b   Thumb Code    62  system_stm32f4xx.o(.text)
    SystemCoreClockUpdate                    0x08000479   Thumb Code   108  system_stm32f4xx.o(.text)
    Reset_Handler                            0x08000509   Thumb Code     8  startup_stm32f40_41xxx.o(.text)
    ADC_IRQHandler                           0x08000523   Thumb Code     0  startup_stm32f40_41xxx.o(.text)
    CAN1_RX0_IRQHandler                      0x08000523   Thumb Code     0  startup_stm32f40_41xxx.o(.text)
    CAN1_RX1_IRQHandler                      0x08000523   Thumb Code     0  startup_stm32f40_41xxx.o(.text)
    CAN1_SCE_IRQHandler                      0x08000523   Thumb Code     0  startup_stm32f40_41xxx.o(.text)
    CAN1_TX_IRQHandler                       0x08000523   Thumb Code     0  startup_stm32f40_41xxx.o(.text)
    CAN2_RX0_IRQHandler                      0x08000523   Thumb Code     0  startup_stm32f40_41xxx.o(.text)
    CAN2_RX1_IRQHandler                      0x08000523   Thumb Code     0  startup_stm32f40_41xxx.o(.text)
    CAN2_SCE_IRQHandler                      0x08000523   Thumb Code     0  startup_stm32f40_41xxx.o(.text)
    CAN2_TX_IRQHandler                       0x08000523   Thumb Code     0  startup_stm32f40_41xxx.o(.text)
    CRYP_IRQHandler                          0x08000523   Thumb Code     0  startup_stm32f40_41xxx.o(.text)
    DCMI_IRQHandler                          0x08000523   Thumb Code     0  startup_stm32f40_41xxx.o(.text)
    DMA1_Stream0_IRQHandler                  0x08000523   Thumb Code     0  startup_stm32f40_41xxx.o(.text)
    DMA1_Stream1_IRQHandler                  0x08000523   Thumb Code     0  startup_stm32f40_41xxx.o(.text)
    DMA1_Stream2_IRQHandler                  0x08000523   Thumb Code     0  startup_stm32f40_41xxx.o(.text)
    DMA1_Stream3_IRQHandler                  0x08000523   Thumb Code     0  startup_stm32f40_41xxx.o(.text)
    DMA1_Stream4_IRQHandler                  0x08000523   Thumb Code     0  startup_stm32f40_41xxx.o(.text)
    DMA1_Stream5_IRQHandler                  0x08000523   Thumb Code     0  startup_stm32f40_41xxx.o(.text)
    DMA1_Stream6_IRQHandler                  0x08000523   Thumb Code     0  startup_stm32f40_41xxx.o(.text)
    DMA1_Stream7_IRQHandler                  0x08000523   Thumb Code     0  startup_stm32f40_41xxx.o(.text)
    DMA2_Stream0_IRQHandler                  0x08000523   Thumb Code     0  startup_stm32f40_41xxx.o(.text)
    DMA2_Stream1_IRQHandler                  0x08000523   Thumb Code     0  startup_stm32f40_41xxx.o(.text)
    DMA2_Stream2_IRQHandler                  0x08000523   Thumb Code     0  startup_stm32f40_41xxx.o(.text)
    DMA2_Stream3_IRQHandler                  0x08000523   Thumb Code     0  startup_stm32f40_41xxx.o(.text)
    DMA2_Stream4_IRQHandler                  0x08000523   Thumb Code     0  startup_stm32f40_41xxx.o(.text)
    DMA2_Stream5_IRQHandler                  0x08000523   Thumb Code     0  startup_stm32f40_41xxx.o(.text)
    DMA2_Stream6_IRQHandler                  0x08000523   Thumb Code     0  startup_stm32f40_41xxx.o(.text)
    DMA2_Stream7_IRQHandler                  0x08000523   Thumb Code     0  startup_stm32f40_41xxx.o(.text)
    ETH_IRQHandler                           0x08000523   Thumb Code     0  startup_stm32f40_41xxx.o(.text)
    ETH_WKUP_IRQHandler                      0x08000523   Thumb Code     0  startup_stm32f40_41xxx.o(.text)
    EXTI0_IRQHandler                         0x08000523   Thumb Code     0  startup_stm32f40_41xxx.o(.text)
    EXTI15_10_IRQHandler                     0x08000523   Thumb Code     0  startup_stm32f40_41xxx.o(.text)
    EXTI1_IRQHandler                         0x08000523   Thumb Code     0  startup_stm32f40_41xxx.o(.text)
    EXTI2_IRQHandler                         0x08000523   Thumb Code     0  startup_stm32f40_41xxx.o(.text)
    EXTI3_IRQHandler                         0x08000523   Thumb Code     0  startup_stm32f40_41xxx.o(.text)
    EXTI4_IRQHandler                         0x08000523   Thumb Code     0  startup_stm32f40_41xxx.o(.text)
    EXTI9_5_IRQHandler                       0x08000523   Thumb Code     0  startup_stm32f40_41xxx.o(.text)
    FLASH_IRQHandler                         0x08000523   Thumb Code     0  startup_stm32f40_41xxx.o(.text)
    FPU_IRQHandler                           0x08000523   Thumb Code     0  startup_stm32f40_41xxx.o(.text)
    FSMC_IRQHandler                          0x08000523   Thumb Code     0  startup_stm32f40_41xxx.o(.text)
    HASH_RNG_IRQHandler                      0x08000523   Thumb Code     0  startup_stm32f40_41xxx.o(.text)
    I2C1_ER_IRQHandler                       0x08000523   Thumb Code     0  startup_stm32f40_41xxx.o(.text)
    I2C1_EV_IRQHandler                       0x08000523   Thumb Code     0  startup_stm32f40_41xxx.o(.text)
    I2C2_ER_IRQHandler                       0x08000523   Thumb Code     0  startup_stm32f40_41xxx.o(.text)
    I2C2_EV_IRQHandler                       0x08000523   Thumb Code     0  startup_stm32f40_41xxx.o(.text)
    I2C3_ER_IRQHandler                       0x08000523   Thumb Code     0  startup_stm32f40_41xxx.o(.text)
    I2C3_EV_IRQHandler                       0x08000523   Thumb Code     0  startup_stm32f40_41xxx.o(.text)
    OTG_FS_IRQHandler                        0x08000523   Thumb Code     0  startup_stm32f40_41xxx.o(.text)
    OTG_FS_WKUP_IRQHandler                   0x08000523   Thumb Code     0  startup_stm32f40_41xxx.o(.text)
    OTG_HS_EP1_IN_IRQHandler                 0x08000523   Thumb Code     0  startup_stm32f40_41xxx.o(.text)
    OTG_HS_EP1_OUT_IRQHandler                0x08000523   Thumb Code     0  startup_stm32f40_41xxx.o(.text)
    OTG_HS_IRQHandler                        0x08000523   Thumb Code     0  startup_stm32f40_41xxx.o(.text)
    OTG_HS_WKUP_IRQHandler                   0x08000523   Thumb Code     0  startup_stm32f40_41xxx.o(.text)
    PVD_IRQHandler                           0x08000523   Thumb Code     0  startup_stm32f40_41xxx.o(.text)
    RCC_IRQHandler                           0x08000523   Thumb Code     0  startup_stm32f40_41xxx.o(.text)
    RTC_Alarm_IRQHandler                     0x08000523   Thumb Code     0  startup_stm32f40_41xxx.o(.text)
    RTC_WKUP_IRQHandler                      0x08000523   Thumb Code     0  startup_stm32f40_41xxx.o(.text)
    SDIO_IRQHandler                          0x08000523   Thumb Code     0  startup_stm32f40_41xxx.o(.text)
    SPI1_IRQHandler                          0x08000523   Thumb Code     0  startup_stm32f40_41xxx.o(.text)
    SPI2_IRQHandler                          0x08000523   Thumb Code     0  startup_stm32f40_41xxx.o(.text)
    SPI3_IRQHandler                          0x08000523   Thumb Code     0  startup_stm32f40_41xxx.o(.text)
    TAMP_STAMP_IRQHandler                    0x08000523   Thumb Code     0  startup_stm32f40_41xxx.o(.text)
    TIM1_BRK_TIM9_IRQHandler                 0x08000523   Thumb Code     0  startup_stm32f40_41xxx.o(.text)
    TIM1_CC_IRQHandler                       0x08000523   Thumb Code     0  startup_stm32f40_41xxx.o(.text)
    TIM1_TRG_COM_TIM11_IRQHandler            0x08000523   Thumb Code     0  startup_stm32f40_41xxx.o(.text)
    TIM1_UP_TIM10_IRQHandler                 0x08000523   Thumb Code     0  startup_stm32f40_41xxx.o(.text)
    TIM2_IRQHandler                          0x08000523   Thumb Code     0  startup_stm32f40_41xxx.o(.text)
    TIM3_IRQHandler                          0x08000523   Thumb Code     0  startup_stm32f40_41xxx.o(.text)
    TIM5_IRQHandler                          0x08000523   Thumb Code     0  startup_stm32f40_41xxx.o(.text)
    TIM6_DAC_IRQHandler                      0x08000523   Thumb Code     0  startup_stm32f40_41xxx.o(.text)
    TIM7_IRQHandler                          0x08000523   Thumb Code     0  startup_stm32f40_41xxx.o(.text)
    TIM8_BRK_TIM12_IRQHandler                0x08000523   Thumb Code     0  startup_stm32f40_41xxx.o(.text)
    TIM8_CC_IRQHandler                       0x08000523   Thumb Code     0  startup_stm32f40_41xxx.o(.text)
    TIM8_TRG_COM_TIM14_IRQHandler            0x08000523   Thumb Code     0  startup_stm32f40_41xxx.o(.text)
    TIM8_UP_TIM13_IRQHandler                 0x08000523   Thumb Code     0  startup_stm32f40_41xxx.o(.text)
    UART4_IRQHandler                         0x08000523   Thumb Code     0  startup_stm32f40_41xxx.o(.text)
    UART5_IRQHandler                         0x08000523   Thumb Code     0  startup_stm32f40_41xxx.o(.text)
    USART2_IRQHandler                        0x08000523   Thumb Code     0  startup_stm32f40_41xxx.o(.text)
    USART3_IRQHandler                        0x08000523   Thumb Code     0  startup_stm32f40_41xxx.o(.text)
    USART6_IRQHandler                        0x08000523   Thumb Code     0  startup_stm32f40_41xxx.o(.text)
    WWDG_IRQHandler                          0x08000523   Thumb Code     0  startup_stm32f40_41xxx.o(.text)
    __user_initial_stackheap                 0x08000525   Thumb Code     0  startup_stm32f40_41xxx.o(.text)
    NVIC_PriorityGroupConfig                 0x08000549   Thumb Code    10  misc.o(.text)
    NVIC_Init                                0x08000553   Thumb Code    96  misc.o(.text)
    NVIC_SetVectorTable                      0x080005b3   Thumb Code    14  misc.o(.text)
    NVIC_SystemLPConfig                      0x080005c1   Thumb Code    20  misc.o(.text)
    SysTick_CLKSourceConfig                  0x080005d5   Thumb Code    24  misc.o(.text)
    GPIO_DeInit                              0x080005f9   Thumb Code   216  stm32f4xx_gpio.o(.text)
    GPIO_Init                                0x080006d1   Thumb Code   120  stm32f4xx_gpio.o(.text)
    GPIO_StructInit                          0x08000749   Thumb Code    18  stm32f4xx_gpio.o(.text)
    GPIO_PinLockConfig                       0x0800075b   Thumb Code    24  stm32f4xx_gpio.o(.text)
    GPIO_ReadInputDataBit                    0x08000773   Thumb Code    14  stm32f4xx_gpio.o(.text)
    GPIO_ReadInputData                       0x08000781   Thumb Code     6  stm32f4xx_gpio.o(.text)
    GPIO_ReadOutputDataBit                   0x08000787   Thumb Code    14  stm32f4xx_gpio.o(.text)
    GPIO_ReadOutputData                      0x08000795   Thumb Code     6  stm32f4xx_gpio.o(.text)
    GPIO_SetBits                             0x0800079b   Thumb Code     4  stm32f4xx_gpio.o(.text)
    GPIO_ResetBits                           0x0800079f   Thumb Code     4  stm32f4xx_gpio.o(.text)
    GPIO_WriteBit                            0x080007a3   Thumb Code    10  stm32f4xx_gpio.o(.text)
    GPIO_Write                               0x080007ad   Thumb Code     4  stm32f4xx_gpio.o(.text)
    GPIO_ToggleBits                          0x080007b1   Thumb Code     8  stm32f4xx_gpio.o(.text)
    GPIO_PinAFConfig                         0x080007b9   Thumb Code    32  stm32f4xx_gpio.o(.text)
    RCC_DeInit                               0x08000805   Thumb Code    68  stm32f4xx_rcc.o(.text)
    RCC_HSEConfig                            0x08000849   Thumb Code    12  stm32f4xx_rcc.o(.text)
    RCC_GetFlagStatus                        0x08000855   Thumb Code    46  stm32f4xx_rcc.o(.text)
    RCC_WaitForHSEStartUp                    0x08000883   Thumb Code    44  stm32f4xx_rcc.o(.text)
    RCC_AdjustHSICalibrationValue            0x080008af   Thumb Code    16  stm32f4xx_rcc.o(.text)
    RCC_HSICmd                               0x080008bf   Thumb Code     6  stm32f4xx_rcc.o(.text)
    RCC_LSEConfig                            0x080008c5   Thumb Code    24  stm32f4xx_rcc.o(.text)
    RCC_LSICmd                               0x080008dd   Thumb Code     6  stm32f4xx_rcc.o(.text)
    RCC_PLLConfig                            0x080008e3   Thumb Code    32  stm32f4xx_rcc.o(.text)
    RCC_PLLCmd                               0x08000903   Thumb Code     6  stm32f4xx_rcc.o(.text)
    RCC_PLLI2SConfig                         0x08000909   Thumb Code    14  stm32f4xx_rcc.o(.text)
    RCC_PLLI2SCmd                            0x08000917   Thumb Code     6  stm32f4xx_rcc.o(.text)
    RCC_PLLSAIConfig                         0x0800091d   Thumb Code    18  stm32f4xx_rcc.o(.text)
    RCC_PLLSAICmd                            0x0800092f   Thumb Code     6  stm32f4xx_rcc.o(.text)
    RCC_ClockSecuritySystemCmd               0x08000935   Thumb Code     6  stm32f4xx_rcc.o(.text)
    RCC_MCO1Config                           0x0800093b   Thumb Code    18  stm32f4xx_rcc.o(.text)
    RCC_MCO2Config                           0x0800094d   Thumb Code    18  stm32f4xx_rcc.o(.text)
    RCC_SYSCLKConfig                         0x0800095f   Thumb Code    16  stm32f4xx_rcc.o(.text)
    RCC_GetSYSCLKSource                      0x0800096f   Thumb Code    12  stm32f4xx_rcc.o(.text)
    RCC_HCLKConfig                           0x0800097b   Thumb Code    16  stm32f4xx_rcc.o(.text)
    RCC_PCLK1Config                          0x0800098b   Thumb Code    16  stm32f4xx_rcc.o(.text)
    RCC_PCLK2Config                          0x0800099b   Thumb Code    18  stm32f4xx_rcc.o(.text)
    RCC_GetClocksFreq                        0x080009ad   Thumb Code   134  stm32f4xx_rcc.o(.text)
    RCC_RTCCLKConfig                         0x08000a33   Thumb Code    42  stm32f4xx_rcc.o(.text)
    RCC_RTCCLKCmd                            0x08000a5d   Thumb Code     8  stm32f4xx_rcc.o(.text)
    RCC_BackupResetCmd                       0x08000a65   Thumb Code     8  stm32f4xx_rcc.o(.text)
    RCC_I2SCLKConfig                         0x08000a6d   Thumb Code     8  stm32f4xx_rcc.o(.text)
    RCC_SAIPLLI2SClkDivConfig                0x08000a75   Thumb Code    18  stm32f4xx_rcc.o(.text)
    RCC_SAIPLLSAIClkDivConfig                0x08000a87   Thumb Code    24  stm32f4xx_rcc.o(.text)
    RCC_SAIBlockACLKConfig                   0x08000a9f   Thumb Code    16  stm32f4xx_rcc.o(.text)
    RCC_SAIBlockBCLKConfig                   0x08000aaf   Thumb Code    16  stm32f4xx_rcc.o(.text)
    RCC_LTDCCLKDivConfig                     0x08000abf   Thumb Code    16  stm32f4xx_rcc.o(.text)
    RCC_TIMCLKPresConfig                     0x08000acf   Thumb Code     8  stm32f4xx_rcc.o(.text)
    RCC_AHB1PeriphClockCmd                   0x08000ad7   Thumb Code    20  stm32f4xx_rcc.o(.text)
    RCC_AHB2PeriphClockCmd                   0x08000aeb   Thumb Code    20  stm32f4xx_rcc.o(.text)
    RCC_AHB3PeriphClockCmd                   0x08000aff   Thumb Code    20  stm32f4xx_rcc.o(.text)
    RCC_APB1PeriphClockCmd                   0x08000b13   Thumb Code    20  stm32f4xx_rcc.o(.text)
    RCC_APB2PeriphClockCmd                   0x08000b27   Thumb Code    20  stm32f4xx_rcc.o(.text)
    RCC_AHB1PeriphResetCmd                   0x08000b3b   Thumb Code    20  stm32f4xx_rcc.o(.text)
    RCC_AHB2PeriphResetCmd                   0x08000b4f   Thumb Code    20  stm32f4xx_rcc.o(.text)
    RCC_AHB3PeriphResetCmd                   0x08000b63   Thumb Code    20  stm32f4xx_rcc.o(.text)
    RCC_APB1PeriphResetCmd                   0x08000b77   Thumb Code    20  stm32f4xx_rcc.o(.text)
    RCC_APB2PeriphResetCmd                   0x08000b8b   Thumb Code    20  stm32f4xx_rcc.o(.text)
    RCC_AHB1PeriphClockLPModeCmd             0x08000b9f   Thumb Code    20  stm32f4xx_rcc.o(.text)
    RCC_AHB2PeriphClockLPModeCmd             0x08000bb3   Thumb Code    20  stm32f4xx_rcc.o(.text)
    RCC_AHB3PeriphClockLPModeCmd             0x08000bc7   Thumb Code    20  stm32f4xx_rcc.o(.text)
    RCC_APB1PeriphClockLPModeCmd             0x08000bdb   Thumb Code    64  stm32f4xx_rcc.o(.text)
    RCC_APB2PeriphClockLPModeCmd             0x08000c1b   Thumb Code    18  stm32f4xx_rcc.o(.text)
    RCC_LSEModeConfig                        0x08000c2d   Thumb Code    24  stm32f4xx_rcc.o(.text)
    RCC_ITConfig                             0x08000c45   Thumb Code    20  stm32f4xx_rcc.o(.text)
    RCC_ClearFlag                            0x08000c59   Thumb Code    14  stm32f4xx_rcc.o(.text)
    RCC_GetITStatus                          0x08000c67   Thumb Code    18  stm32f4xx_rcc.o(.text)
    RCC_ClearITPendingBit                    0x08000c79   Thumb Code     8  stm32f4xx_rcc.o(.text)
    SPI_I2S_DeInit                           0x08000c85   Thumb Code   108  stm32f4xx_spi.o(.text)
    SPI_Init                                 0x08000cf1   Thumb Code    56  stm32f4xx_spi.o(.text)
    I2S_Init                                 0x08000d29   Thumb Code   198  stm32f4xx_spi.o(.text)
    SPI_StructInit                           0x08000def   Thumb Code    24  stm32f4xx_spi.o(.text)
    I2S_StructInit                           0x08000e07   Thumb Code    18  stm32f4xx_spi.o(.text)
    SPI_Cmd                                  0x08000e19   Thumb Code    20  stm32f4xx_spi.o(.text)
    I2S_Cmd                                  0x08000e2d   Thumb Code    20  stm32f4xx_spi.o(.text)
    SPI_DataSizeConfig                       0x08000e41   Thumb Code    16  stm32f4xx_spi.o(.text)
    SPI_BiDirectionalLineConfig              0x08000e51   Thumb Code    22  stm32f4xx_spi.o(.text)
    SPI_NSSInternalSoftwareConfig            0x08000e67   Thumb Code    24  stm32f4xx_spi.o(.text)
    SPI_SSOutputCmd                          0x08000e7f   Thumb Code    20  stm32f4xx_spi.o(.text)
    SPI_TIModeCmd                            0x08000e93   Thumb Code    20  stm32f4xx_spi.o(.text)
    I2S_FullDuplexConfig                     0x08000ea7   Thumb Code    58  stm32f4xx_spi.o(.text)
    SPI_I2S_ReceiveData                      0x08000ee1   Thumb Code     4  stm32f4xx_spi.o(.text)
    SPI_I2S_SendData                         0x08000ee5   Thumb Code     4  stm32f4xx_spi.o(.text)
    SPI_CalculateCRC                         0x08000ee9   Thumb Code    20  stm32f4xx_spi.o(.text)
    SPI_TransmitCRC                          0x08000efd   Thumb Code    10  stm32f4xx_spi.o(.text)
    SPI_GetCRC                               0x08000f07   Thumb Code    12  stm32f4xx_spi.o(.text)
    SPI_GetCRCPolynomial                     0x08000f13   Thumb Code     4  stm32f4xx_spi.o(.text)
    SPI_I2S_DMACmd                           0x08000f17   Thumb Code    16  stm32f4xx_spi.o(.text)
    SPI_I2S_ITConfig                         0x08000f27   Thumb Code    24  stm32f4xx_spi.o(.text)
    SPI_I2S_GetFlagStatus                    0x08000f3f   Thumb Code    14  stm32f4xx_spi.o(.text)
    SPI_I2S_ClearFlag                        0x08000f4d   Thumb Code     6  stm32f4xx_spi.o(.text)
    SPI_I2S_GetITStatus                      0x08000f53   Thumb Code    44  stm32f4xx_spi.o(.text)
    SPI_I2S_ClearITPendingBit                0x08000f7f   Thumb Code    14  stm32f4xx_spi.o(.text)
    TIM_DeInit                               0x08000fb1   Thumb Code   284  stm32f4xx_tim.o(.text)
    TIM_TimeBaseInit                         0x080010cd   Thumb Code    96  stm32f4xx_tim.o(.text)
    TIM_TimeBaseStructInit                   0x0800112d   Thumb Code    18  stm32f4xx_tim.o(.text)
    TIM_PrescalerConfig                      0x0800113f   Thumb Code     6  stm32f4xx_tim.o(.text)
    TIM_CounterModeConfig                    0x08001145   Thumb Code    12  stm32f4xx_tim.o(.text)
    TIM_SetCounter                           0x08001151   Thumb Code     4  stm32f4xx_tim.o(.text)
    TIM_SetAutoreload                        0x08001155   Thumb Code     4  stm32f4xx_tim.o(.text)
    TIM_GetCounter                           0x08001159   Thumb Code     4  stm32f4xx_tim.o(.text)
    TIM_GetPrescaler                         0x0800115d   Thumb Code     4  stm32f4xx_tim.o(.text)
    TIM_UpdateDisableConfig                  0x08001161   Thumb Code    20  stm32f4xx_tim.o(.text)
    TIM_UpdateRequestConfig                  0x08001175   Thumb Code    20  stm32f4xx_tim.o(.text)
    TIM_ARRPreloadConfig                     0x08001189   Thumb Code    20  stm32f4xx_tim.o(.text)
    TIM_SelectOnePulseMode                   0x0800119d   Thumb Code    16  stm32f4xx_tim.o(.text)
    TIM_SetClockDivision                     0x080011ad   Thumb Code    16  stm32f4xx_tim.o(.text)
    TIM_Cmd                                  0x080011bd   Thumb Code    20  stm32f4xx_tim.o(.text)
    TIM_OC1Init                              0x080011d1   Thumb Code    88  stm32f4xx_tim.o(.text)
    TIM_OC2Init                              0x08001229   Thumb Code   120  stm32f4xx_tim.o(.text)
    TIM_OC3Init                              0x080012a1   Thumb Code   116  stm32f4xx_tim.o(.text)
    TIM_OC4Init                              0x08001315   Thumb Code    88  stm32f4xx_tim.o(.text)
    TIM_OCStructInit                         0x0800136d   Thumb Code    20  stm32f4xx_tim.o(.text)
    TIM_SelectOCxM                           0x08001381   Thumb Code   130  stm32f4xx_tim.o(.text)
    TIM_SetCompare1                          0x08001403   Thumb Code     4  stm32f4xx_tim.o(.text)
    TIM_SetCompare2                          0x08001407   Thumb Code     4  stm32f4xx_tim.o(.text)
    TIM_SetCompare3                          0x0800140b   Thumb Code     4  stm32f4xx_tim.o(.text)
    TIM_SetCompare4                          0x0800140f   Thumb Code     4  stm32f4xx_tim.o(.text)
    TIM_ForcedOC1Config                      0x08001413   Thumb Code    12  stm32f4xx_tim.o(.text)
    TIM_ForcedOC2Config                      0x0800141f   Thumb Code    20  stm32f4xx_tim.o(.text)
    TIM_ForcedOC3Config                      0x08001433   Thumb Code    12  stm32f4xx_tim.o(.text)
    TIM_ForcedOC4Config                      0x0800143f   Thumb Code    20  stm32f4xx_tim.o(.text)
    TIM_OC1PreloadConfig                     0x08001453   Thumb Code    12  stm32f4xx_tim.o(.text)
    TIM_OC2PreloadConfig                     0x0800145f   Thumb Code    20  stm32f4xx_tim.o(.text)
    TIM_OC3PreloadConfig                     0x08001473   Thumb Code    12  stm32f4xx_tim.o(.text)
    TIM_OC4PreloadConfig                     0x0800147f   Thumb Code    20  stm32f4xx_tim.o(.text)
    TIM_OC1FastConfig                        0x08001493   Thumb Code    12  stm32f4xx_tim.o(.text)
    TIM_OC2FastConfig                        0x0800149f   Thumb Code    20  stm32f4xx_tim.o(.text)
    TIM_OC3FastConfig                        0x080014b3   Thumb Code    12  stm32f4xx_tim.o(.text)
    TIM_OC4FastConfig                        0x080014bf   Thumb Code    20  stm32f4xx_tim.o(.text)
    TIM_ClearOC1Ref                          0x080014d3   Thumb Code    12  stm32f4xx_tim.o(.text)
    TIM_ClearOC2Ref                          0x080014df   Thumb Code    20  stm32f4xx_tim.o(.text)
    TIM_ClearOC3Ref                          0x080014f3   Thumb Code    12  stm32f4xx_tim.o(.text)
    TIM_ClearOC4Ref                          0x080014ff   Thumb Code    20  stm32f4xx_tim.o(.text)
    TIM_OC1PolarityConfig                    0x08001513   Thumb Code    12  stm32f4xx_tim.o(.text)
    TIM_OC1NPolarityConfig                   0x0800151f   Thumb Code    12  stm32f4xx_tim.o(.text)
    TIM_OC2PolarityConfig                    0x0800152b   Thumb Code    20  stm32f4xx_tim.o(.text)
    TIM_OC2NPolarityConfig                   0x0800153f   Thumb Code    20  stm32f4xx_tim.o(.text)
    TIM_OC3PolarityConfig                    0x08001553   Thumb Code    20  stm32f4xx_tim.o(.text)
    TIM_OC3NPolarityConfig                   0x08001567   Thumb Code    20  stm32f4xx_tim.o(.text)
    TIM_OC4PolarityConfig                    0x0800157b   Thumb Code    20  stm32f4xx_tim.o(.text)
    TIM_CCxCmd                               0x0800158f   Thumb Code    22  stm32f4xx_tim.o(.text)
    TIM_CCxNCmd                              0x080015a5   Thumb Code    22  stm32f4xx_tim.o(.text)
    TIM_SetIC4Prescaler                      0x080015bb   Thumb Code    24  stm32f4xx_tim.o(.text)
    TIM_SetIC3Prescaler                      0x080015d3   Thumb Code    16  stm32f4xx_tim.o(.text)
    TIM_SetIC2Prescaler                      0x080015e3   Thumb Code    24  stm32f4xx_tim.o(.text)
    TIM_SetIC1Prescaler                      0x08001631   Thumb Code    16  stm32f4xx_tim.o(.text)
    TIM_ICInit                               0x08001641   Thumb Code   164  stm32f4xx_tim.o(.text)
    TIM_ICStructInit                         0x080016e5   Thumb Code    16  stm32f4xx_tim.o(.text)
    TIM_PWMIConfig                           0x080016f5   Thumb Code   104  stm32f4xx_tim.o(.text)
    TIM_GetCapture1                          0x0800175d   Thumb Code     4  stm32f4xx_tim.o(.text)
    TIM_GetCapture2                          0x08001761   Thumb Code     4  stm32f4xx_tim.o(.text)
    TIM_GetCapture3                          0x08001765   Thumb Code     4  stm32f4xx_tim.o(.text)
    TIM_GetCapture4                          0x08001769   Thumb Code     4  stm32f4xx_tim.o(.text)
    TIM_BDTRConfig                           0x0800176d   Thumb Code    34  stm32f4xx_tim.o(.text)
    TIM_BDTRStructInit                       0x0800178f   Thumb Code    18  stm32f4xx_tim.o(.text)
    TIM_CtrlPWMOutputs                       0x080017a1   Thumb Code    22  stm32f4xx_tim.o(.text)
    TIM_SelectCOM                            0x080017b7   Thumb Code    20  stm32f4xx_tim.o(.text)
    TIM_CCPreloadControl                     0x080017cb   Thumb Code    20  stm32f4xx_tim.o(.text)
    TIM_ITConfig                             0x080017df   Thumb Code    16  stm32f4xx_tim.o(.text)
    TIM_GenerateEvent                        0x080017ef   Thumb Code     4  stm32f4xx_tim.o(.text)
    TIM_GetFlagStatus                        0x080017f3   Thumb Code    14  stm32f4xx_tim.o(.text)
    TIM_ClearFlag                            0x08001801   Thumb Code     6  stm32f4xx_tim.o(.text)
    TIM_GetITStatus                          0x08001807   Thumb Code    24  stm32f4xx_tim.o(.text)
    TIM_ClearITPendingBit                    0x0800181f   Thumb Code     6  stm32f4xx_tim.o(.text)
    TIM_DMAConfig                            0x08001825   Thumb Code     8  stm32f4xx_tim.o(.text)
    TIM_DMACmd                               0x0800182d   Thumb Code    16  stm32f4xx_tim.o(.text)
    TIM_SelectCCDMA                          0x0800183d   Thumb Code    20  stm32f4xx_tim.o(.text)
    TIM_InternalClockConfig                  0x08001851   Thumb Code    10  stm32f4xx_tim.o(.text)
    TIM_SelectInputTrigger                   0x0800185b   Thumb Code    12  stm32f4xx_tim.o(.text)
    TIM_ITRxExternalClockConfig              0x08001867   Thumb Code    18  stm32f4xx_tim.o(.text)
    TIM_TIxExternalClockConfig               0x08001879   Thumb Code    46  stm32f4xx_tim.o(.text)
    TIM_ETRConfig                            0x080018a7   Thumb Code    24  stm32f4xx_tim.o(.text)
    TIM_ETRClockMode1Config                  0x080018bf   Thumb Code    18  stm32f4xx_tim.o(.text)
    TIM_ETRClockMode2Config                  0x080018d1   Thumb Code    18  stm32f4xx_tim.o(.text)
    TIM_SelectOutputTrigger                  0x080018e3   Thumb Code    16  stm32f4xx_tim.o(.text)
    TIM_SelectSlaveMode                      0x080018f3   Thumb Code    16  stm32f4xx_tim.o(.text)
    TIM_SelectMasterSlaveMode                0x08001903   Thumb Code    16  stm32f4xx_tim.o(.text)
    TIM_EncoderInterfaceConfig               0x08001913   Thumb Code    50  stm32f4xx_tim.o(.text)
    TIM_SelectHallSensor                     0x08001945   Thumb Code    20  stm32f4xx_tim.o(.text)
    TIM_RemapConfig                          0x08001959   Thumb Code     6  stm32f4xx_tim.o(.text)
    USART_DeInit                             0x0800198d   Thumb Code   138  stm32f4xx_usart.o(.text)
    USART_Init                               0x08001a17   Thumb Code   164  stm32f4xx_usart.o(.text)
    USART_StructInit                         0x08001abb   Thumb Code    22  stm32f4xx_usart.o(.text)
    USART_ClockInit                          0x08001ad1   Thumb Code    28  stm32f4xx_usart.o(.text)
    USART_ClockStructInit                    0x08001aed   Thumb Code    12  stm32f4xx_usart.o(.text)
    USART_Cmd                                0x08001af9   Thumb Code    20  stm32f4xx_usart.o(.text)
    USART_SetPrescaler                       0x08001b0d   Thumb Code    16  stm32f4xx_usart.o(.text)
    USART_OverSampling8Cmd                   0x08001b1d   Thumb Code    20  stm32f4xx_usart.o(.text)
    USART_OneBitMethodCmd                    0x08001b31   Thumb Code    20  stm32f4xx_usart.o(.text)
    USART_SendData                           0x08001b45   Thumb Code     8  stm32f4xx_usart.o(.text)
    USART_ReceiveData                        0x08001b4d   Thumb Code     8  stm32f4xx_usart.o(.text)
    USART_SetAddress                         0x08001b55   Thumb Code    16  stm32f4xx_usart.o(.text)
    USART_ReceiverWakeUpCmd                  0x08001b65   Thumb Code    20  stm32f4xx_usart.o(.text)
    USART_WakeUpConfig                       0x08001b79   Thumb Code    16  stm32f4xx_usart.o(.text)
    USART_LINBreakDetectLengthConfig         0x08001b89   Thumb Code    16  stm32f4xx_usart.o(.text)
    USART_LINCmd                             0x08001b99   Thumb Code    20  stm32f4xx_usart.o(.text)
    USART_SendBreak                          0x08001bad   Thumb Code    10  stm32f4xx_usart.o(.text)
    USART_HalfDuplexCmd                      0x08001bb7   Thumb Code    20  stm32f4xx_usart.o(.text)
    USART_SetGuardTime                       0x08001bcb   Thumb Code    16  stm32f4xx_usart.o(.text)
    USART_SmartCardCmd                       0x08001bdb   Thumb Code    20  stm32f4xx_usart.o(.text)
    USART_SmartCardNACKCmd                   0x08001bef   Thumb Code    20  stm32f4xx_usart.o(.text)
    USART_IrDAConfig                         0x08001c03   Thumb Code    16  stm32f4xx_usart.o(.text)
    USART_IrDACmd                            0x08001c13   Thumb Code    20  stm32f4xx_usart.o(.text)
    USART_DMACmd                             0x08001c27   Thumb Code    16  stm32f4xx_usart.o(.text)
    USART_ITConfig                           0x08001c37   Thumb Code    48  stm32f4xx_usart.o(.text)
    USART_GetFlagStatus                      0x08001c67   Thumb Code    14  stm32f4xx_usart.o(.text)
    USART_ClearFlag                          0x08001c75   Thumb Code     6  stm32f4xx_usart.o(.text)
    USART_GetITStatus                        0x08001c7b   Thumb Code    62  stm32f4xx_usart.o(.text)
    USART_ClearITPendingBit                  0x08001cb9   Thumb Code    12  stm32f4xx_usart.o(.text)
    delay_init                               0x08001ce5   Thumb Code    38  delay.o(.text)
    delay_us                                 0x08001d0b   Thumb Code    46  delay.o(.text)
    delay_xms                                0x08001d39   Thumb Code    46  delay.o(.text)
    delay_ms                                 0x08001d67   Thumb Code    50  delay.o(.text)
    _sys_exit                                0x08001d9d   Thumb Code     2  usart.o(.text)
    fputc                                    0x08001d9f   Thumb Code    14  usart.o(.text)
    uart_init                                0x08001dad   Thumb Code   164  usart.o(.text)
    USART1_IRQHandler                        0x08001e51   Thumb Code    90  usart.o(.text)
    SPI_Configuration                        0x08001eb9   Thumb Code   188  spi.o(.text)
    SPI_WriteByte                            0x08001f75   Thumb Code    22  spi.o(.text)
    SPI_ReadByte                             0x08001f8b   Thumb Code    24  spi.o(.text)
    close                                    0x08001fad   Thumb Code    48  socket.o(.text)
    socket                                   0x08001fdd   Thumb Code   144  socket.o(.text)
    listen                                   0x0800206d   Thumb Code    54  socket.o(.text)
    connect                                  0x080020a3   Thumb Code   226  socket.o(.text)
    disconnect                               0x08002185   Thumb Code    30  socket.o(.text)
    send                                     0x080021a3   Thumb Code   244  socket.o(.text)
    recv                                     0x08002297   Thumb Code    48  socket.o(.text)
    sendto                                   0x080022c7   Thumb Code   224  socket.o(.text)
    recvfrom                                 0x080023a7   Thumb Code   654  socket.o(.text)
    setMR                                    0x0800264d   Thumb Code     8  w5500.o(.text)
    iinchip_init                             0x08002655   Thumb Code     4  w5500.o(.text)
    getIINCHIP_RxMAX                         0x08002659   Thumb Code     8  w5500.o(.text)
    getIINCHIP_TxMAX                         0x08002661   Thumb Code    10  w5500.o(.text)
    setGAR                                   0x0800266b   Thumb Code    10  w5500.o(.text)
    getGAR                                   0x08002675   Thumb Code    10  w5500.o(.text)
    setSUBR                                  0x0800267f   Thumb Code    12  w5500.o(.text)
    setSHAR                                  0x0800268b   Thumb Code    12  w5500.o(.text)
    setSIPR                                  0x08002697   Thumb Code    12  w5500.o(.text)
    getSUBR                                  0x080026a3   Thumb Code    12  w5500.o(.text)
    getSHAR                                  0x080026af   Thumb Code    12  w5500.o(.text)
    getSIPR                                  0x080026bb   Thumb Code    12  w5500.o(.text)
    getIR                                    0x080026c7   Thumb Code     8  w5500.o(.text)
    setRTR                                   0x080026cf   Thumb Code    28  w5500.o(.text)
    setRCR                                   0x080026eb   Thumb Code    10  w5500.o(.text)
    clearIR                                  0x080026f5   Thumb Code    26  w5500.o(.text)
    setSn_MSS                                0x0800270f   Thumb Code    38  w5500.o(.text)
    setSn_TTL                                0x08002735   Thumb Code    12  w5500.o(.text)
    getSn_IR                                 0x08002741   Thumb Code    12  w5500.o(.text)
    setSn_IR                                 0x0800274d   Thumb Code    12  w5500.o(.text)
    getSn_SR                                 0x08002759   Thumb Code    12  w5500.o(.text)
    getSn_TX_FSR                             0x08002765   Thumb Code    76  w5500.o(.text)
    getSn_RX_RSR                             0x080027b1   Thumb Code    74  w5500.o(.text)
    send_data_processing                     0x080027fb   Thumb Code   104  w5500.o(.text)
    recv_data_processing                     0x08002863   Thumb Code   104  w5500.o(.text)
    socket_buf_init                          0x080028cb   Thumb Code   130  w5500.o(.text)
    getPHYStatus                             0x0800294d   Thumb Code     8  w5500.o(.text)
    PHY_check                                0x08002955   Thumb Code    58  w5500.o(.text)
    set_w5500_ip                             0x080029f9   Thumb Code   232  w5500_conf.o(.text)
    set_w5500_mac                            0x08002ae1   Thumb Code    30  w5500_conf.o(.text)
    reset_w5500                              0x08002aff   Thumb Code    86  w5500_conf.o(.text)
    InitW5500                                0x08002b55   Thumb Code    56  w5500_conf.o(.text)
    wiz_cs                                   0x08002b8d   Thumb Code    26  w5500_conf.o(.text)
    iinchip_csoff                            0x08002ba7   Thumb Code     4  w5500_conf.o(.text)
    iinchip_cson                             0x08002bab   Thumb Code     4  w5500_conf.o(.text)
    IINCHIP_SpiSendData                      0x08002baf   Thumb Code     4  w5500_conf.o(.text)
    IINCHIP_WRITE                            0x08002bb3   Thumb Code    54  w5500_conf.o(.text)
    IINCHIP_READ                             0x08002be9   Thumb Code    52  w5500_conf.o(.text)
    wiz_write_buf                            0x08002c1d   Thumb Code    84  w5500_conf.o(.text)
    wiz_read_buf                             0x08002c71   Thumb Code    80  w5500_conf.o(.text)
    timer2_init                              0x08002cc1   Thumb Code    22  w5500_conf.o(.text)
    dhcp_timer_init                          0x08002cd7   Thumb Code     2  w5500_conf.o(.text)
    ntp_timer_init                           0x08002cd9   Thumb Code     2  w5500_conf.o(.text)
    timer2_isr                               0x08002cdb   Thumb Code    32  w5500_conf.o(.text)
    reboot                                   0x08002cfb   Thumb Code    18  w5500_conf.o(.text)
    TIM2_NVIC_Configuration                  0x08002ec1   Thumb Code    42  bsp_timbase.o(.text)
    TIM2_Configuration                       0x08002eeb   Thumb Code    80  bsp_timbase.o(.text)
    AD7616_Write_Data                        0x08002f3d   Thumb Code    62  ad7616.o(.text)
    AD7616_Reset                             0x08002f7b   Thumb Code    34  ad7616.o(.text)
    AD7616_State_Init                        0x08002f9d   Thumb Code   112  ad7616.o(.text)
    AD7616_Init                              0x0800300d   Thumb Code   512  ad7616.o(.text)
    AD7616_Start_Convst                      0x0800320d   Thumb Code    38  ad7616.o(.text)
    AD7616_SPI_Read                          0x08003233   Thumb Code    88  ad7616.o(.text)
    AD7616_Read_Data                         0x0800328b   Thumb Code    78  ad7616.o(.text)
    AD7616_Mask                              0x080032d9   Thumb Code   160  ad7616.o(.text)
    LED_Init                                 0x08003379   Thumb Code    58  led.o(.text)
    Encoder_Init                             0x080033b9   Thumb Code   178  timer.o(.text)
    Encoder_Get                              0x0800346b   Thumb Code     8  timer.o(.text)
    TIM4_IRQHandler                          0x08003473   Thumb Code    58  timer.o(.text)
    __use_no_semihosting                     0x080034b9   Thumb Code     2  use_no_semi_2.o(.text)
    __2printf                                0x080034bd   Thumb Code    20  __2printf.o(.text)
    _printf_int_dec                          0x080034d5   Thumb Code   104  _printf_dec.o(.text)
    __printf                                 0x0800354d   Thumb Code   388  __printf_flags_ss_wp.o(.text)
    __use_two_region_memory                  0x080036d5   Thumb Code     2  heapauxi.o(.text)
    __rt_heap_escrow$2region                 0x080036d7   Thumb Code     2  heapauxi.o(.text)
    __rt_heap_expand$2region                 0x080036d9   Thumb Code     2  heapauxi.o(.text)
    __I$use$semihosting                      0x080036db   Thumb Code     0  use_no_semi.o(.text)
    __use_no_semihosting_swi                 0x080036db   Thumb Code     2  use_no_semi.o(.text)
    _printf_int_common                       0x080036dd   Thumb Code   178  _printf_intcommon.o(.text)
    _printf_char_common                      0x0800379b   Thumb Code    32  _printf_char_common.o(.text)
    _printf_char_file                        0x080037c1   Thumb Code    32  _printf_char_file.o(.text)
    ferror                                   0x080037e5   Thumb Code     8  ferror.o(.text)
    __user_setup_stackheap                   0x080037ed   Thumb Code    74  sys_stackheap_outer.o(.text)
    exit                                     0x08003837   Thumb Code    18  exit.o(.text)
    __user_libspace                          0x08003849   Thumb Code     8  libspace.o(.text)
    __user_perproc_libspace                  0x08003849   Thumb Code     0  libspace.o(.text)
    __user_perthread_libspace                0x08003849   Thumb Code     0  libspace.o(.text)
    _is_digit                                0x08003851   Thumb Code    14  __printf_wp.o(i._is_digit)
    __aeabi_d2f                              0x08003861   Thumb Code     0  d2f.o(x$fpl$d2f)
    _d2f                                     0x08003861   Thumb Code    98  d2f.o(x$fpl$d2f)
    __aeabi_ddiv                             0x080038c5   Thumb Code     0  ddiv.o(x$fpl$ddiv)
    _ddiv                                    0x080038c5   Thumb Code   552  ddiv.o(x$fpl$ddiv)
    __aeabi_d2iz                             0x08003b75   Thumb Code     0  dfix.o(x$fpl$dfix)
    _dfix                                    0x08003b75   Thumb Code    94  dfix.o(x$fpl$dfix)
    __aeabi_i2d                              0x08003bd3   Thumb Code     0  dflt_clz.o(x$fpl$dflt)
    _dflt                                    0x08003bd3   Thumb Code    46  dflt_clz.o(x$fpl$dflt)
    __aeabi_dmul                             0x08003c01   Thumb Code     0  dmul.o(x$fpl$dmul)
    _dmul                                    0x08003c01   Thumb Code   332  dmul.o(x$fpl$dmul)
    __fpl_dnaninf                            0x08003d55   Thumb Code   156  dnaninf.o(x$fpl$dnaninf)
    __fpl_dretinf                            0x08003df1   Thumb Code    12  dretinf.o(x$fpl$dretinf)
    __aeabi_f2iz                             0x08003dfd   Thumb Code     0  ffix.o(x$fpl$ffix)
    _ffix                                    0x08003dfd   Thumb Code    54  ffix.o(x$fpl$ffix)
    __fpl_fnaninf                            0x08003e33   Thumb Code   140  fnaninf.o(x$fpl$fnaninf)
    __fpl_fretinf                            0x08003ebf   Thumb Code    10  fretinf.o(x$fpl$fretinf)
    __I$use$fp                               0x08003ec8   Number         0  usenofp.o(x$fpl$usenofp)
    Region$$Table$$Base                      0x08003edc   Number         0  anon$$obj.o(Region$$Table)
    Region$$Table$$Limit                     0x08003efc   Number         0  anon$$obj.o(Region$$Table)
    len                                      0x20000000   Data           4  main.o(.data)
    SystemCoreClock                          0x20000004   Data           4  system_stm32f4xx.o(.data)
    AHBPrescTable                            0x20000008   Data          16  system_stm32f4xx.o(.data)
    USART_RX_STA                             0x2000002c   Data           2  usart.o(.data)
    USART_RX_BUF                             0x2000002e   Data           6  usart.o(.data)
    __stdout                                 0x20000034   Data           4  usart.o(.data)
    i                                        0x20000038   Data           4  tcp_demo.o(.data)
    txsize                                   0x2000003c   Data           8  w5500.o(.data)
    rxsize                                   0x20000044   Data           8  w5500.o(.data)
    ip_from                                  0x2000004c   Data           1  w5500_conf.o(.data)
    dhcp_ok                                  0x2000004d   Data           1  w5500_conf.o(.data)
    ntptimer                                 0x2000004e   Data           1  w5500_conf.o(.data)
    local_port                               0x20000050   Data           2  w5500_conf.o(.data)
    local_ip                                 0x20000052   Data           4  w5500_conf.o(.data)
    subnet                                   0x20000056   Data           4  w5500_conf.o(.data)
    gateway                                  0x2000005a   Data           4  w5500_conf.o(.data)
    dns_server                               0x2000005e   Data           4  w5500_conf.o(.data)
    ms                                       0x20000064   Data           4  w5500_conf.o(.data)
    dhcp_time                                0x20000068   Data           4  w5500_conf.o(.data)
    mac                                      0x2000006c   Data           6  w5500_conf.o(.data)
    CH_NUM                                   0x20000072   Data           1  ad7616.o(.data)
    circle_count                             0x20000074   Data           4  timer.o(.data)
    flagEncoder                              0x20000078   Data           4  timer.o(.data)
    AD7616_ConvertedValue                    0x2000007c   Data          68  main.o(.bss)
    DHCP_GET                                 0x200000c0   Data          22  dhcp.o(.bss)
    buff                                     0x200000d6   Data        2048  tcp_demo.o(.bss)
    Tx_Buffer                                0x200008d6   Data        4096  tcp_demo.o(.bss)
    SSIZE                                    0x200018d6   Data          16  w5500.o(.bss)
    RSIZE                                    0x200018e6   Data          16  w5500.o(.bss)
    ConfigMsg                                0x200018f6   Data          28  w5500_conf.o(.bss)
    adc_data_a                               0x20001914   Data          16  ad7616.o(.bss)
    adc_data_b                               0x20001924   Data          16  ad7616.o(.bss)
    s_volt_a                                 0x20001934   Data          32  ad7616.o(.bss)
    s_volt_b                                 0x20001954   Data          32  ad7616.o(.bss)
    __libspace_start                         0x20001974   Data          96  libspace.o(.bss)
    __temporary_stack_top$libspace           0x200019d4   Data           0  libspace.o(.bss)



==============================================================================

Memory Map of the image

  Image Entry point : 0x08000189

  Load Region LR_IROM1 (Base: 0x08000000, Size: 0x00003f78, Max: 0x00100000, ABSOLUTE)

    Execution Region ER_IROM1 (Exec base: 0x08000000, Load base: 0x08000000, Size: 0x00003efc, Max: 0x00100000, ABSOLUTE)

    Exec Addr    Load Addr    Size         Type   Attr      Idx    E Section Name        Object

    0x08000000   0x08000000   0x00000188   Data   RO          286    RESET               startup_stm32f40_41xxx.o
    0x08000188   0x08000188   0x00000008   Code   RO         1466  * !!!main             c_w.l(__main.o)
    0x08000190   0x08000190   0x00000034   Code   RO         1776    !!!scatter          c_w.l(__scatter.o)
    0x080001c4   0x080001c4   0x0000001a   Code   RO         1778    !!handler_copy      c_w.l(__scatter_copy.o)
    0x080001de   0x080001de   0x00000002   PAD
    0x080001e0   0x080001e0   0x0000001c   Code   RO         1780    !!handler_zi        c_w.l(__scatter_zi.o)
    0x080001fc   0x080001fc   0x00000000   Code   RO         1444    .ARM.Collect$$_printf_percent$$00000000  c_w.l(_printf_percent.o)
    0x080001fc   0x080001fc   0x00000006   Code   RO         1443    .ARM.Collect$$_printf_percent$$00000009  c_w.l(_printf_d.o)
    0x08000202   0x08000202   0x00000004   Code   RO         1528    .ARM.Collect$$_printf_percent$$00000017  c_w.l(_printf_percent_end.o)
    0x08000206   0x08000206   0x00000002   Code   RO         1639    .ARM.Collect$$libinit$$00000000  c_w.l(libinit.o)
    0x08000208   0x08000208   0x00000000   Code   RO         1655    .ARM.Collect$$libinit$$00000002  c_w.l(libinit2.o)
    0x08000208   0x08000208   0x00000000   Code   RO         1657    .ARM.Collect$$libinit$$00000004  c_w.l(libinit2.o)
    0x08000208   0x08000208   0x00000000   Code   RO         1660    .ARM.Collect$$libinit$$0000000A  c_w.l(libinit2.o)
    0x08000208   0x08000208   0x00000000   Code   RO         1662    .ARM.Collect$$libinit$$0000000C  c_w.l(libinit2.o)
    0x08000208   0x08000208   0x00000000   Code   RO         1664    .ARM.Collect$$libinit$$0000000E  c_w.l(libinit2.o)
    0x08000208   0x08000208   0x00000000   Code   RO         1667    .ARM.Collect$$libinit$$00000011  c_w.l(libinit2.o)
    0x08000208   0x08000208   0x00000000   Code   RO         1669    .ARM.Collect$$libinit$$00000013  c_w.l(libinit2.o)
    0x08000208   0x08000208   0x00000000   Code   RO         1671    .ARM.Collect$$libinit$$00000015  c_w.l(libinit2.o)
    0x08000208   0x08000208   0x00000000   Code   RO         1673    .ARM.Collect$$libinit$$00000017  c_w.l(libinit2.o)
    0x08000208   0x08000208   0x00000000   Code   RO         1675    .ARM.Collect$$libinit$$00000019  c_w.l(libinit2.o)
    0x08000208   0x08000208   0x00000000   Code   RO         1677    .ARM.Collect$$libinit$$0000001B  c_w.l(libinit2.o)
    0x08000208   0x08000208   0x00000000   Code   RO         1679    .ARM.Collect$$libinit$$0000001D  c_w.l(libinit2.o)
    0x08000208   0x08000208   0x00000000   Code   RO         1681    .ARM.Collect$$libinit$$0000001F  c_w.l(libinit2.o)
    0x08000208   0x08000208   0x00000000   Code   RO         1683    .ARM.Collect$$libinit$$00000021  c_w.l(libinit2.o)
    0x08000208   0x08000208   0x00000000   Code   RO         1685    .ARM.Collect$$libinit$$00000023  c_w.l(libinit2.o)
    0x08000208   0x08000208   0x00000000   Code   RO         1687    .ARM.Collect$$libinit$$00000025  c_w.l(libinit2.o)
    0x08000208   0x08000208   0x00000000   Code   RO         1691    .ARM.Collect$$libinit$$0000002C  c_w.l(libinit2.o)
    0x08000208   0x08000208   0x00000000   Code   RO         1693    .ARM.Collect$$libinit$$0000002E  c_w.l(libinit2.o)
    0x08000208   0x08000208   0x00000000   Code   RO         1695    .ARM.Collect$$libinit$$00000030  c_w.l(libinit2.o)
    0x08000208   0x08000208   0x00000000   Code   RO         1697    .ARM.Collect$$libinit$$00000032  c_w.l(libinit2.o)
    0x08000208   0x08000208   0x00000002   Code   RO         1698    .ARM.Collect$$libinit$$00000033  c_w.l(libinit2.o)
    0x0800020a   0x0800020a   0x00000002   Code   RO         1716    .ARM.Collect$$libshutdown$$00000000  c_w.l(libshutdown.o)
    0x0800020c   0x0800020c   0x00000000   Code   RO         1726    .ARM.Collect$$libshutdown$$00000002  c_w.l(libshutdown2.o)
    0x0800020c   0x0800020c   0x00000000   Code   RO         1728    .ARM.Collect$$libshutdown$$00000004  c_w.l(libshutdown2.o)
    0x0800020c   0x0800020c   0x00000000   Code   RO         1730    .ARM.Collect$$libshutdown$$00000006  c_w.l(libshutdown2.o)
    0x0800020c   0x0800020c   0x00000000   Code   RO         1733    .ARM.Collect$$libshutdown$$00000009  c_w.l(libshutdown2.o)
    0x0800020c   0x0800020c   0x00000000   Code   RO         1736    .ARM.Collect$$libshutdown$$0000000C  c_w.l(libshutdown2.o)
    0x0800020c   0x0800020c   0x00000000   Code   RO         1738    .ARM.Collect$$libshutdown$$0000000E  c_w.l(libshutdown2.o)
    0x0800020c   0x0800020c   0x00000000   Code   RO         1741    .ARM.Collect$$libshutdown$$00000011  c_w.l(libshutdown2.o)
    0x0800020c   0x0800020c   0x00000002   Code   RO         1742    .ARM.Collect$$libshutdown$$00000012  c_w.l(libshutdown2.o)
    0x0800020e   0x0800020e   0x00000000   Code   RO         1492    .ARM.Collect$$rtentry$$00000000  c_w.l(__rtentry.o)
    0x0800020e   0x0800020e   0x00000000   Code   RO         1558    .ARM.Collect$$rtentry$$00000002  c_w.l(__rtentry2.o)
    0x0800020e   0x0800020e   0x00000006   Code   RO         1570    .ARM.Collect$$rtentry$$00000004  c_w.l(__rtentry4.o)
    0x08000214   0x08000214   0x00000000   Code   RO         1560    .ARM.Collect$$rtentry$$00000009  c_w.l(__rtentry2.o)
    0x08000214   0x08000214   0x00000004   Code   RO         1561    .ARM.Collect$$rtentry$$0000000A  c_w.l(__rtentry2.o)
    0x08000218   0x08000218   0x00000000   Code   RO         1563    .ARM.Collect$$rtentry$$0000000C  c_w.l(__rtentry2.o)
    0x08000218   0x08000218   0x00000008   Code   RO         1564    .ARM.Collect$$rtentry$$0000000D  c_w.l(__rtentry2.o)
    0x08000220   0x08000220   0x00000002   Code   RO         1647    .ARM.Collect$$rtexit$$00000000  c_w.l(rtexit.o)
    0x08000222   0x08000222   0x00000000   Code   RO         1700    .ARM.Collect$$rtexit$$00000002  c_w.l(rtexit2.o)
    0x08000222   0x08000222   0x00000004   Code   RO         1701    .ARM.Collect$$rtexit$$00000003  c_w.l(rtexit2.o)
    0x08000226   0x08000226   0x00000006   Code   RO         1702    .ARM.Collect$$rtexit$$00000004  c_w.l(rtexit2.o)
    0x0800022c   0x0800022c   0x00000158   Code   RO            3    .text               main.o
    0x08000384   0x08000384   0x00000012   Code   RO          211    .text               stm32f4xx_it.o
    0x08000396   0x08000396   0x00000002   PAD
    0x08000398   0x08000398   0x00000170   Code   RO          260    .text               system_stm32f4xx.o
    0x08000508   0x08000508   0x00000040   Code   RO          287    .text               startup_stm32f40_41xxx.o
    0x08000548   0x08000548   0x000000b0   Code   RO          293    .text               misc.o
    0x080005f8   0x080005f8   0x0000020c   Code   RO          643    .text               stm32f4xx_gpio.o
    0x08000804   0x08000804   0x00000480   Code   RO          806    .text               stm32f4xx_rcc.o
    0x08000c84   0x08000c84   0x0000032c   Code   RO          912    .text               stm32f4xx_spi.o
    0x08000fb0   0x08000fb0   0x000009dc   Code   RO          952    .text               stm32f4xx_tim.o
    0x0800198c   0x0800198c   0x00000358   Code   RO          973    .text               stm32f4xx_usart.o
    0x08001ce4   0x08001ce4   0x000000b8   Code   RO         1013    .text               delay.o
    0x08001d9c   0x08001d9c   0x0000011c   Code   RO         1053    .text               usart.o
    0x08001eb8   0x08001eb8   0x000000f4   Code   RO         1084    .text               spi.o
    0x08001fac   0x08001fac   0x000006a0   Code   RO         1143    .text               socket.o
    0x0800264c   0x0800264c   0x000003ac   Code   RO         1224    .text               w5500.o
    0x080029f8   0x080029f8   0x000004c8   Code   RO         1253    .text               w5500_conf.o
    0x08002ec0   0x08002ec0   0x0000007a   Code   RO         1289    .text               bsp_timbase.o
    0x08002f3a   0x08002f3a   0x00000002   PAD
    0x08002f3c   0x08002f3c   0x0000043c   Code   RO         1309    .text               ad7616.o
    0x08003378   0x08003378   0x00000040   Code   RO         1334    .text               led.o
    0x080033b8   0x080033b8   0x00000100   Code   RO         1357    .text               timer.o
    0x080034b8   0x080034b8   0x00000002   Code   RO         1380    .text               c_w.l(use_no_semi_2.o)
    0x080034ba   0x080034ba   0x00000002   PAD
    0x080034bc   0x080034bc   0x00000018   Code   RO         1384    .text               c_w.l(__2printf.o)
    0x080034d4   0x080034d4   0x00000078   Code   RO         1398    .text               c_w.l(_printf_dec.o)
    0x0800354c   0x0800354c   0x00000188   Code   RO         1438    .text               c_w.l(__printf_flags_ss_wp.o)
    0x080036d4   0x080036d4   0x00000006   Code   RO         1464    .text               c_w.l(heapauxi.o)
    0x080036da   0x080036da   0x00000002   Code   RO         1490    .text               c_w.l(use_no_semi.o)
    0x080036dc   0x080036dc   0x000000b2   Code   RO         1495    .text               c_w.l(_printf_intcommon.o)
    0x0800378e   0x0800378e   0x00000002   PAD
    0x08003790   0x08003790   0x00000030   Code   RO         1499    .text               c_w.l(_printf_char_common.o)
    0x080037c0   0x080037c0   0x00000024   Code   RO         1505    .text               c_w.l(_printf_char_file.o)
    0x080037e4   0x080037e4   0x00000008   Code   RO         1583    .text               c_w.l(ferror.o)
    0x080037ec   0x080037ec   0x0000004a   Code   RO         1593    .text               c_w.l(sys_stackheap_outer.o)
    0x08003836   0x08003836   0x00000012   Code   RO         1632    .text               c_w.l(exit.o)
    0x08003848   0x08003848   0x00000008   Code   RO         1644    .text               c_w.l(libspace.o)
    0x08003850   0x08003850   0x0000000e   Code   RO         1431    i._is_digit         c_w.l(__printf_wp.o)
    0x0800385e   0x0800385e   0x00000002   PAD
    0x08003860   0x08003860   0x00000062   Code   RO         1468    x$fpl$d2f           fz_ws.l(d2f.o)
    0x080038c2   0x080038c2   0x00000002   PAD
    0x080038c4   0x080038c4   0x000002b0   Code   RO         1471    x$fpl$ddiv          fz_ws.l(ddiv.o)
    0x08003b74   0x08003b74   0x0000005e   Code   RO         1474    x$fpl$dfix          fz_ws.l(dfix.o)
    0x08003bd2   0x08003bd2   0x0000002e   Code   RO         1479    x$fpl$dflt          fz_ws.l(dflt_clz.o)
    0x08003c00   0x08003c00   0x00000154   Code   RO         1484    x$fpl$dmul          fz_ws.l(dmul.o)
    0x08003d54   0x08003d54   0x0000009c   Code   RO         1540    x$fpl$dnaninf       fz_ws.l(dnaninf.o)
    0x08003df0   0x08003df0   0x0000000c   Code   RO         1542    x$fpl$dretinf       fz_ws.l(dretinf.o)
    0x08003dfc   0x08003dfc   0x00000036   Code   RO         1486    x$fpl$ffix          fz_ws.l(ffix.o)
    0x08003e32   0x08003e32   0x0000008c   Code   RO         1544    x$fpl$fnaninf       fz_ws.l(fnaninf.o)
    0x08003ebe   0x08003ebe   0x0000000a   Code   RO         1546    x$fpl$fretinf       fz_ws.l(fretinf.o)
    0x08003ec8   0x08003ec8   0x00000000   Code   RO         1556    x$fpl$usenofp       fz_ws.l(usenofp.o)
    0x08003ec8   0x08003ec8   0x00000011   Data   RO         1439    .constdata          c_w.l(__printf_flags_ss_wp.o)
    0x08003ed9   0x08003ed9   0x00000003   PAD
    0x08003edc   0x08003edc   0x00000020   Data   RO         1774    Region$$Table       anon$$obj.o


    Execution Region RW_IRAM1 (Exec base: 0x20000000, Load base: 0x08003efc, Size: 0x00001fd8, Max: 0x00020000, ABSOLUTE)

    Exec Addr    Load Addr    Size         Type   Attr      Idx    E Section Name        Object

    0x20000000   0x08003efc   0x00000004   Data   RW            5    .data               main.o
    0x20000004   0x08003f00   0x00000014   Data   RW          261    .data               system_stm32f4xx.o
    0x20000018   0x08003f14   0x00000010   Data   RW          807    .data               stm32f4xx_rcc.o
    0x20000028   0x08003f24   0x00000004   Data   RW         1014    .data               delay.o
    0x2000002c   0x08003f28   0x00000008   Data   RW         1054    .data               usart.o
    0x20000034   0x08003f30   0x00000004   Data   RW         1055    .data               usart.o
    0x20000038   0x08003f34   0x00000004   Data   RW         1169    .data               tcp_demo.o
    0x2000003c   0x08003f38   0x00000008   Data   RW         1226    .data               w5500.o
    0x20000044   0x08003f40   0x00000008   Data   RW         1227    .data               w5500.o
    0x2000004c   0x08003f48   0x00000026   Data   RW         1256    .data               w5500_conf.o
    0x20000072   0x08003f6e   0x00000001   Data   RW         1311    .data               ad7616.o
    0x20000073   0x08003f6f   0x00000001   PAD
    0x20000074   0x08003f70   0x00000008   Data   RW         1358    .data               timer.o
    0x2000007c        -       0x00000044   Zero   RW            4    .bss                main.o
    0x200000c0        -       0x00000016   Zero   RW         1105    .bss                dhcp.o
    0x200000d6        -       0x00001800   Zero   RW         1168    .bss                tcp_demo.o
    0x200018d6        -       0x00000020   Zero   RW         1225    .bss                w5500.o
    0x200018f6        -       0x0000001c   Zero   RW         1254    .bss                w5500_conf.o
    0x20001912   0x08003f78   0x00000002   PAD
    0x20001914        -       0x00000060   Zero   RW         1310    .bss                ad7616.o
    0x20001974        -       0x00000060   Zero   RW         1645    .bss                c_w.l(libspace.o)
    0x200019d4   0x08003f78   0x00000004   PAD
    0x200019d8        -       0x00000200   Zero   RW          285    HEAP                startup_stm32f40_41xxx.o
    0x20001bd8        -       0x00000400   Zero   RW          284    STACK               startup_stm32f40_41xxx.o


==============================================================================

Image component sizes


      Code (inc. data)   RO Data    RW Data    ZI Data      Debug   Object Name

      1084         48          0          1         96       3307   ad7616.o
       122          0          0          0          0        769   bsp_timbase.o
       184          4          0          4          0       1501   delay.o
         0          0          0          0         22       4588   dhcp.o
        64          6          0          0          0        527   led.o
       344         56          0          4         68     292395   main.o
       176         12          0          0          0       1925   misc.o
      1696        316          0          0          0       4707   socket.o
       244         10          0          0          0       1639   spi.o
        64         26        392          0       1536        824   startup_stm32f40_41xxx.o
       524         44          0          0          0       4253   stm32f4xx_gpio.o
        18          0          0          0          0       1202   stm32f4xx_it.o
      1152         48          0         16          0      13312   stm32f4xx_rcc.o
       812         36          0          0          0       7257   stm32f4xx_spi.o
      2524         52          0          0          0      23878   stm32f4xx_tim.o
       856         32          0          0          0       8168   stm32f4xx_usart.o
       368         36          0         20          0       1911   system_stm32f4xx.o
         0          0          0          4       6144        679   tcp_demo.o
       256         12          0          8          0       1410   timer.o
       284         14          0         12          0       3350   usart.o
       940        106          0         16         32       6473   w5500.o
      1224        436          0         38         28       6749   w5500_conf.o

    ----------------------------------------------------------------------
     12940       1294        424        124       7928     390824   Object Totals
         0          0         32          0          0          0   (incl. Generated)
         4          0          0          1          2          0   (incl. Padding)

    ----------------------------------------------------------------------

      Code (inc. data)   RO Data    RW Data    ZI Data      Debug   Library Member Name

        24          4          0          0          0         84   __2printf.o
         8          0          0          0          0         68   __main.o
       392          4         17          0          0         92   __printf_flags_ss_wp.o
        14          0          0          0          0         68   __printf_wp.o
         0          0          0          0          0          0   __rtentry.o
        12          0          0          0          0          0   __rtentry2.o
         6          0          0          0          0          0   __rtentry4.o
        52          8          0          0          0          0   __scatter.o
        26          0          0          0          0          0   __scatter_copy.o
        28          0          0          0          0          0   __scatter_zi.o
        48          6          0          0          0         96   _printf_char_common.o
        36          4          0          0          0         80   _printf_char_file.o
         6          0          0          0          0          0   _printf_d.o
       120         16          0          0          0         92   _printf_dec.o
       178          0          0          0          0         88   _printf_intcommon.o
         0          0          0          0          0          0   _printf_percent.o
         4          0          0          0          0          0   _printf_percent_end.o
        18          0          0          0          0         80   exit.o
         8          0          0          0          0         68   ferror.o
         6          0          0          0          0        152   heapauxi.o
         2          0          0          0          0          0   libinit.o
         2          0          0          0          0          0   libinit2.o
         2          0          0          0          0          0   libshutdown.o
         2          0          0          0          0          0   libshutdown2.o
         8          4          0          0         96         68   libspace.o
         2          0          0          0          0          0   rtexit.o
        10          0          0          0          0          0   rtexit2.o
        74          0          0          0          0         80   sys_stackheap_outer.o
         2          0          0          0          0         68   use_no_semi.o
         2          0          0          0          0         68   use_no_semi_2.o
        98          4          0          0          0         92   d2f.o
       688        140          0          0          0        208   ddiv.o
        94          4          0          0          0         92   dfix.o
        46          0          0          0          0         68   dflt_clz.o
       340         12          0          0          0        104   dmul.o
       156          4          0          0          0         92   dnaninf.o
        12          0          0          0          0         68   dretinf.o
        54          4          0          0          0         84   ffix.o
       140          4          0          0          0         84   fnaninf.o
        10          0          0          0          0         68   fretinf.o
         0          0          0          0          0          0   usenofp.o

    ----------------------------------------------------------------------
      2740        218         20          0        100       2212   Library Totals
        10          0          3          0          4          0   (incl. Padding)

    ----------------------------------------------------------------------

      Code (inc. data)   RO Data    RW Data    ZI Data      Debug   Library Name

      1092         46         17          0         96       1252   c_w.l
      1638        172          0          0          0        960   fz_ws.l

    ----------------------------------------------------------------------
      2740        218         20          0        100       2212   Library Totals

    ----------------------------------------------------------------------

==============================================================================


      Code (inc. data)   RO Data    RW Data    ZI Data      Debug   

     15680       1512        444        124       8028     389600   Grand Totals
     15680       1512        444        124       8028     389600   ELF Image Totals
     15680       1512        444        124          0          0   ROM Totals

==============================================================================

    Total RO  Size (Code + RO Data)                16124 (  15.75kB)
    Total RW  Size (RW Data + ZI Data)              8152 (   7.96kB)
    Total ROM Size (Code + RO Data + RW Data)      16248 (  15.87kB)

==============================================================================

